C51 COMPILER V9.54   APPTIMER                                                              09/20/2018 11:05:43 PAGE 1   


C51 COMPILER V9.54, COMPILATION OF MODULE APPTIMER
OBJECT MODULE PLACED IN .\Output\appTimer.obj
COMPILER INVOKED BY: C:\Keil_v5\C51\BIN\C51.EXE Usr\appTimer.c OMF2 ROM(COMPACT) OPTIMIZE(8,SPEED) BROWSE INCDIR(..\Proj
                    -_sw_ElecMeasure;.\Usr;.\Usr_lib;.\std_Lib;.\hwDriver;.\dataTrans) DEBUG PRINT(.\Listings\appTimer.lst) OBJECT(.\Output\a
                    -ppTimer.obj)

line level    source

   1          #include "appTimer.h"
   2          
   3          #include "STC15Fxxxx.H"
   4          
   5          #include "stdio.h"
   6          #include "string.h"
   7          
   8          #include "dataTrans.h"
   9          #include "Relay.h"
  10          #include "HW8012.h"
  11          #include "wifi_LPT220.h"
  12          #include "Tips.h"
  13          #include "dataManage.h"
  14          #include "eeprom.h"
  15          
  16          //*********************数据传输变量引用区***************************/
  17          extern bit                              rxTout_count_EN;        
  18          extern u8                               rxTout_count;   //串口接收超时计数
  19          extern bit                              uartRX_toutFLG;
  20          extern u8                               datsRcv_length;
  21          extern uartTout_datsRcv xdata datsRcv_ZIGB;
  22          
  23          //*********************WIFI模块功能引脚按键线程变量引用区*********/
  24          extern u16 xdata                funKey_WIFI_cnt;
  25          
  26          //*********************数据传输相关变量引用区*********************/
  27          extern u16 xdata                heartBeat_Cnt;
  28          
  29          //*********************继电器相关变量引用区*********************/
  30          extern bit                              status_Relay;
  31          
  32          //*********************定时延时业务相关变量引用区*****************/
  33          extern switch_Status    swStatus_fromTim;
  34          extern u8                               ifDelay_sw_running_FLAG;        //延时动作_是否运行标志位（bit 1延时开关运行使能标志，bit 0定时关闭
             -运行使能标志）
  35          extern u16                              delayCnt_onoff;
  36          extern u8                               delayPeriod_onoff;
  37          extern bit                              delayUp_act;
  38          extern u16                              delayCnt_closeLoop;
  39          extern u8                               delayPeriod_closeLoop;
  40          extern bit                              greenModeStart_IF;
  41          
  42          //***************用户按键线程变量引用区*****************/
  43          extern bit                              usrKeyCount_EN;
  44          extern u16      idata           usrKeyCount;
  45          
  46          //*********************Tips变量引用区****************************/
  47          extern enum_segTips dev_segTips;
  48          extern enum_ledTips dev_ledTips;
  49          
  50          void appTimer0_Init(void){      //50us 中断@24.000M
  51   1      
  52   1              AUXR |= 0x80;           
C51 COMPILER V9.54   APPTIMER                                                              09/20/2018 11:05:43 PAGE 2   

  53   1              TMOD &= 0xF0;           
  54   1              TL0   = 0x50;           
  55   1              TH0   = 0xFB;   
  56   1              TF0   = 0;      
  57   1              ET0       = 1;  //开中断
  58   1              PT0   = 0;      //高优先级中断
  59   1              
  60   1              TR0   = 1;              
  61   1      }
  62          
  63          void timer0_Rountine (void) interrupt TIMER0_VECTOR{    
  64   1              
  65   1              u32 code fpDetect_Period                = 100000UL;     //测频检测周期5秒  100000 * 50us = 5s
  66   1              static xdata u32 fpDetect_Cnt   = 0UL;
  67   1              
  68   1              u16 code  fpDetectPeriod_stdBy  = 1000;         //负载检测tips_standBy
  69   1              static xdata u16 fpDetectCount_stdBy = 0;
  70   1      
  71   1              u8 code   period_1ms                    = 20;           //1ms专用
  72   1              static u8 count_1ms                     = 0;
  73   1              
  74   1              u16 code period_1second                 = 20000;        //1秒专用
  75   1              static xdata u16 count_1second  = 0;    
  76   1              
  77   1              u16 code tipsInit_Period                = 1000;         //延时检测计数周期
  78   1              static xdata u16 tipsInit_Cnt   = 0;    
  79   1              
  80   1              u8 code   period_beep                   = 2;            //beep专用
  81   1              static u8 count_beep                    = 0;
  82   1              
  83   1              //*******************beep计时计数业务**************************/
  84   1              if(count_beep < period_beep)count_beep ++;
  85   1              else{
  86   2              
  87   2                      count_beep = 0;
  88   2                      
  89   2                      switch(dev_beeps){ //状态机
  90   3                              
  91   3                              case beepsMode_Touch:{
  92   4                                      
  93   4                                      u16 code tips_Period = 20 * 300 / 2;
  94   4                                      static u16 xdata tips_Count = 0;
  95   4                                      
  96   4                                      if(tipsBeep_INTFLG){
  97   5                                      
  98   5                                              tipsBeep_INTFLG = 0;
  99   5                                              tips_Count = 0;
 100   5                                      }
 101   4                                      
 102   4                                      if(tips_Count < tips_Period){
 103   5                                      
 104   5                                              tips_Count ++;
 105   5                                              if(beeps_EN)PIN_BEEP = !PIN_BEEP;
 106   5                                              
 107   5                                      }
 108   4                                      else
 109   4                                      {
 110   5                                      
 111   5                                              tips_Count = 0;
 112   5                                              
 113   5                                              PIN_BEEP = 1;
 114   5                                              dev_beeps = beepsMode_null;
C51 COMPILER V9.54   APPTIMER                                                              09/20/2018 11:05:43 PAGE 3   

 115   5                                      }
 116   4                                      
 117   4                              }break;
 118   3                      
 119   3                              default:{
 120   4                              
 121   4                                      PIN_BEEP = 1;
 122   4                                      
 123   4                              }break;
 124   3                      }
 125   2              }
 126   1              
 127   1              //*******************tips流水灯计时计数业务**************************/
 128   1              if(tipsInit_Cnt < tipsInit_Period)tipsInit_Cnt ++;
 129   1              else{
 130   2              
 131   2                      tipsInit_Cnt  = 0;
 132   2                      
 133   2                      switch(dev_segTips){ //状态机
 134   3                      
 135   3                              case segMode_init:{
 136   4                              
 137   4                                      segTips_Init();
 138   4                                      
 139   4                              }break;
 140   3                              
 141   3                              case segMode_initCmp:{
 142   4                              
 143   4                                      segTips_InitCmp();
 144   4                                      
 145   4                              }break;
 146   3                              
 147   3                              case segMode_touchOpen:{
 148   4                              
 149   4                                      segTips_touchOpen();
 150   4                                      
 151   4                              }break;
 152   3                              
 153   3                              case segMode_touchClose:{
 154   4                              
 155   4                                      segTips_touchClose();
 156   4                                      
 157   4                              }break;
 158   3                              
 159   3                              case segMode_elecDetectStandby:{
 160   4                              
 161   4                                      segTips_detectStandBy();
 162   4                                      
 163   4                              }break;
 164   3                              
 165   3                              case segMode_elecDetect:{
 166   4                              
 167   4                                      powerTips(paramElec_Param.ePower);      //功率Tips显示
 168   4                                      
 169   4                              }break;
 170   3                                      
 171   3                              default:{
 172   4                              
 173   4                                      segTips_allDark();
 174   4                                      
 175   4                              }break;
 176   3                      }
C51 COMPILER V9.54   APPTIMER                                                              09/20/2018 11:05:43 PAGE 4   

 177   2              }
 178   1              
 179   1              //*******************tips指示灯业务**************************/
 180   1              switch(dev_ledTips){ //状态机
 181   2              
 182   2                      case ledMode_init:{
 183   3                      
 184   3                              PIN_LED = tipsLED_statusON;
 185   3                              
 186   3                      }break;
 187   2                      
 188   2                      case ledMode_relayOpenIF:{
 189   3                      
 190   3                              (status_Relay)?(PIN_LED = tipsLED_statusON):(PIN_LED = tipsLED_statusOFF);
 191   3                      
 192   3                      }break; 
 193   2                      
 194   2                      case ledMode_smartConfig:{
 195   3                      
 196   3                              u16 code tips_Period    = 20 * 150;
 197   3                              static u16 xdata tips_Count = 0;
 198   3                              u8  code loop_Period    = 60;
 199   3                              static u8 tips_Loop     = 60;
 200   3                              
 201   3                              if(tips_Count < tips_Period)tips_Count ++;
 202   3                              else{
 203   4      
 204   4                                      tips_Count = 0;
 205   4                                      
 206   4                                      if(tips_Loop){
 207   5                                      
 208   5                                              tips_Loop --;
 209   5                                              PIN_LED = !PIN_LED;
 210   5                                              
 211   5                                      }else{
 212   5                                      
 213   5                                              PIN_LED         = tipsLED_statusOFF;
 214   5                                              tips_Loop       = loop_Period;
 215   5                                              dev_ledTips = ledMode_relayOpenIF;
 216   5                                      }
 217   4                              }
 218   3                              
 219   3                      }break;
 220   2                      
 221   2                      case ledMode_factory:{
 222   3                      
 223   3                              u16 code tips_Period = 20 * 6000;
 224   3                              static u16 xdata tips_Count = 0;
 225   3                              
 226   3                              PIN_LED = tipsLED_statusON;
 227   3                              if(tips_Count < tips_Period)tips_Count ++;
 228   3                              else{
 229   4                              
 230   4                                      tips_Count = 0;
 231   4                                      
 232   4                                      PIN_LED = tipsLED_statusOFF;
 233   4                                      dev_ledTips = ledMode_relayOpenIF;
 234   4                              }
 235   3                              
 236   3                      }break;
 237   2                      
 238   2                      default:{
C51 COMPILER V9.54   APPTIMER                                                              09/20/2018 11:05:43 PAGE 5   

 239   3                      
 240   3                              PIN_LED = tipsLED_statusOFF;
 241   3                      
 242   3                      }break;
 243   2              }
 244   1              
 245   1              //*******************标准1秒计数业务***************************/
 246   1              if(count_1second < period_1second)count_1second ++;
 247   1              else{
 248   2                      
 249   2                      count_1second = 0;
 250   2              
 251   2                      /*延时计时业务，到点动作*/
 252   2                      if(ifDelay_sw_running_FLAG & (1 << 1)){
 253   3                      
 254   3                              if(delayCnt_onoff < ((u16)delayPeriod_onoff * 60))delayCnt_onoff ++;
 255   3                              else
 256   3                              if(delayCnt_onoff){ //计时值确认
 257   4                              
 258   4                                      delayCnt_onoff = 0;
 259   4                                      
 260   4                                      ifDelay_sw_running_FLAG &= ~(1 << 1);   //一次性标志清除
 261   4                                      
 262   4                                      (delayUp_act)?(swStatus_fromTim = swStatus_on):(swStatus_fromTim = swStatus_off);       //开关动作
 263   4                              }
 264   3                      }
 265   2                      
 266   2                      /*绿色模式计时业务，循环关闭*/
 267   2                      if((ifDelay_sw_running_FLAG & (1 << 0)) && status_Relay){
 268   3                      
 269   3                              if(delayCnt_closeLoop < ((u16)delayPeriod_closeLoop * 60))delayCnt_closeLoop ++;
 270   3                              else{
 271   4                                      
 272   4                                      delayCnt_closeLoop = 0;
 273   4                                      greenModeStart_IF = 0;
 274   4                              
 275   4                                      swStatus_fromTim = swStatus_off;
 276   4                              }
 277   3                      }
 278   2              }
 279   1              
 280   1              //*******************标准1毫秒计数业务**************************/
 281   1              if(count_1ms < period_1ms)count_1ms ++;
 282   1              else{
 283   2              
 284   2                      count_1ms = 0;
 285   2                      
 286   2                      /*心跳包周期计数*/
 287   2                      heartBeat_Cnt++;
 288   2                      
 289   2                      /*用户按键超时计数*/
 290   2                      if(usrKeyCount_EN)usrKeyCount ++;
 291   2                      
 292   2                      /*WIFI模块功能引脚按键计数业务区*/
 293   2                      if(funKey_WIFI_cnt)funKey_WIFI_cnt --;
 294   2                      else{
 295   3                      
 296   3                              WIFI_funcPIN_nReload = WIFI_pinDISEN;   //WIFI外部引脚控制业务
 297   3                      }
 298   2                      
 299   2                      /*HLW8012测频Tips-standBy*///预检测
 300   2                      if(fpDetectCount_stdBy < fpDetectPeriod_stdBy)fpDetectCount_stdBy ++;
C51 COMPILER V9.54   APPTIMER                                                              09/20/2018 11:05:43 PAGE 6   

 301   2                      else{
 302   3                              
 303   3                              fpDetectCount_stdBy = 0;
 304   3                              
 305   3                              pinFP_powerStdby = pinFP_stdby_powerCNT / 1.0F;
 306   3                              pinFP_stdby_powerCNT = 0;
 307   3                              if(status_Relay == actRelay_ON){
 308   4                                      
 309   4                                      if((pinFP_powerStdby - pinFP_power) > 10.0F){ //升差
 310   5                                      
 311   5                                              dev_segTips = segMode_elecDetectStandby;
 312   5                                              tipsSeg_INTFLG = 1;
 313   5                                      }
 314   4                                      else
 315   4                                      if((pinFP_power - pinFP_powerStdby) > 10.0F){ //落差
 316   5                                      
 317   5                                              dev_segTips = segMode_null;
 318   5                                              tipsSeg_INTFLG = 1;
 319   5                                      }else
 320   4                                      if((pinFP_powerStdby - pinFP_power) < 3.0F && (pinFP_powerStdby - pinFP_power) > -3.0F){ //无差
 321   5                                      
 322   5                                              dev_segTips = segMode_elecDetect;
 323   5                                              tipsSeg_INTFLG = 1;
 324   5                                      }
 325   4                              }
 326   3                      }
 327   2              }
 328   1              
 329   1              //***************串口接收超时时长计数*******************************//
 330   1              if(rxTout_count_EN){
 331   2              
 332   2                      if(rxTout_count < TimeOutSet1)rxTout_count ++;
 333   2                      else{
 334   3                              
 335   3                              if(!uartRX_toutFLG){
 336   4                              
 337   4                                      uartRX_toutFLG = 1;
 338   4                                      
 339   4                                      memset(datsRcv_ZIGB.rcvDats, 0xff, sizeof(char) * COM_RX1_Lenth);
 340   4                                      memcpy(datsRcv_ZIGB.rcvDats, RX1_Buffer, datsRcv_length);
 341   4                                      datsRcv_ZIGB.rcvDatsLen = datsRcv_length;
 342   4                              }
 343   3                              rxTout_count_EN = 0;
 344   3                      }
 345   2              }
 346   1              
 347   1              //*******************HLW8012测频业务****************************        
 348   1              if(fpDetect_Cnt <= fpDetect_Period)fpDetect_Cnt ++;
 349   1              else{
 350   2              
 351   2                      fpDetect_Cnt     = 0;
 352   2                      
 353   2                      pinFP_volXcur    = pinFP_volXcurCNT / 5.0F;     //值确认
 354   2                      pinFP_power              = pinFP_powerCNT / 5.0F;
 355   2                      
 356   2      //              if(pinFP_power > 5.0){
 357   2      //              
 358   2      //                      if(status_Relay == actRelay_ON){
 359   2      //                      
 360   2      //                              dev_segTips = segMode_elecDetect;
 361   2      //                              tipsSeg_INTFLG = 1;
 362   2      //                      }
C51 COMPILER V9.54   APPTIMER                                                              09/20/2018 11:05:43 PAGE 7   

 363   2      //              }
 364   2                      
 365   2                      if(pin_funFP_Select){   //电压
 366   3                      
 367   3                              paramElec_Param.eVoltage = pinFP_volXcur * (coefficient_Vol - (0.00000082 * pinFP_volXcur));
 368   3                              
 369   3                      }else{  //电流
 370   3                      
 371   3      //                      paramElec_Param.eCurrent = (float)pinFP_volXcur * coefficient_Cur;
 372   3                              
 373   3                              paramElec_Param.eCurrent = pinFP_volXcur * (coefficient_Cur + (0.00000246 * pinFP_volXcur));
 374   3                      }
 375   2                      
 376   2      //              /*测试数据*///测试代码段
 377   2      //              {
 378   2      //              
 379   2      //                      static float xdata test_elec_Consum = 0.0,
 380   2      //                                               xdata test_ePower        = 0.0;
 381   2      //                      
 382   2      //                      test_elec_Consum += 0.0001;
 383   2      //                      test_ePower              += 0.0001;
 384   2      //                      
 385   2      //                      elec_Consum                             = test_elec_Consum;
 386   2      //                      paramElec_Param.ePower  = test_ePower;
 387   2      //              }
 388   2                      
 389   2                      //避免浮点数全部为零计算时出现非法值
 390   2      //              if(!pinFP_powerCNT) pinFP_powerCNT = 1;
 391   2      //              if(!pinFP_power) pinFP_power = 1; 
 392   2      //              if(paramElec_Param.ePower < 0.1) paramElec_Param.ePower = 0.1;
 393   2      
 394   2                      /*实际业务逻辑*/
 395   2                      paramElec_Param.ePower = (float)pinFP_power * (coefficient_Pow - (0.00000001 * pinFP_power));   //功率
 396   2                      
 397   2                      {
 398   3                              float powerFP_Temp = pinFP_power;
 399   3                              
 400   3                              if(powerFP_Temp < 0.1F)powerFP_Temp = 0.1F;
 401   3                              elec_Consum     += 1.00F * ((float)pinFP_powerCNT * paramElec_Param.ePower / (1000.00F * 3600.00F * (float)
             -powerFP_Temp)); //用电量
 402   3                      }
 403   2                      
 404   2                      pinFP_volXcurCNT = 0.0; //脉冲清零
 405   2                      pinFP_powerCNT   = 0.0;
 406   2              }
 407   1      }


MODULE INFORMATION:   STATIC OVERLAYABLE
   CODE SIZE        =   1504    ----
   CONSTANT SIZE    =     19    ----
   XDATA SIZE       =     16    ----
   PDATA SIZE       =   ----    ----
   DATA SIZE        =      3       4
   IDATA SIZE       =   ----    ----
   BIT SIZE         =   ----    ----
   EDATA SIZE       =   ----    ----
   HDATA SIZE       =   ----    ----
   XDATA CONST SIZE =   ----    ----
   FAR CONST SIZE   =   ----    ----
END OF MODULE INFORMATION.


C51 COMPILATION COMPLETE.  0 WARNING(S),  0 ERROR(S)
