C51 COMPILER V9.54   HW8012                                                                09/20/2018 11:05:43 PAGE 1   


C51 COMPILER V9.54, COMPILATION OF MODULE HW8012
OBJECT MODULE PLACED IN .\Output\HW8012.obj
COMPILER INVOKED BY: C:\Keil_v5\C51\BIN\C51.EXE hwDriver\HW8012.c OMF2 ROM(COMPACT) OPTIMIZE(8,SPEED) BROWSE INCDIR(..\P
                    -roj_sw_ElecMeasure;.\Usr;.\Usr_lib;.\std_Lib;.\hwDriver;.\dataTrans) DEBUG PRINT(.\Listings\HW8012.lst) OBJECT(.\Output\
                    -HW8012.obj)

line level    source

   1          #include "HW8012.h"
   2          
   3          #include "dataTrans.h"
   4          #include "USART.h"
   5          
   6          #include "stdio.h"
   7          #include "string.h"
   8          
   9          #include "soft_uart.h"
  10          
  11          #include "pars_Method.h"
  12          #include "Tips.h"
  13          #include "dataManage.h"
  14          #include "eeprom.h"
  15          
  16          #include "delay.h"
  17          
  18          /*脉冲计数值*/
  19          float xdata pinFP_volXcurCNT = 1.0F; //电流电压脉冲计数值
  20          float xdata pinFP_powerCNT       = 1.0F; //功率脉冲计数值
  21          float xdata pinFP_stdby_powerCNT = 1.0F; //功率脉冲预测计数值
  22          
  23          /*频率定值*/
  24          float xdata pinFP_volXcur        = 1.0F; //电流电压 检测频率值
  25          float xdata pinFP_power          = 1.0F; //功率 检测频率值 5秒周期
  26          float xdata pinFP_powerStdby = 1.0F; //功率 预检测频率值 1秒周期
  27          
  28          elec_Param      xdata paramElec_Param = {0.001f, 0.001f, 0.001f};       //电参数变量
  29          float           xdata elec_Consum         = 0.00000001f;
  30          
  31          void intMeasure_Init(void){
  32   1              
  33   1              /*U/I select IO*///推挽输出
  34   1              P0M1    &= 0xFD;
  35   1              P0M0    |= 0x02;
  36   1              
  37   1              /*频率信号输出 IO*///高阻输入
  38   1              P3M1    |= 0xC0;
  39   1              P3M0    &= 0x3F;
  40   1      
  41   1              INT_CLKO |=  (1 << 4);  //(EX2 = 1)使能INT2中断
  42   1              INT_CLKO |=  (1 << 5);  //(EX3 = 1)使能INT3中断
  43   1              
  44   1              PX1 = PX0 = 0;
  45   1              
  46   1              pin_funFP_Select = 1;
  47   1      }
  48          
  49          /********************* INT2中断函数 *************************/
  50          void Ext_INT2 (void) interrupt INT2_VECTOR{     //进中断时已经清除标志
  51   1      
  52   1              pinFP_powerCNT += 1.0F;
  53   1              pinFP_stdby_powerCNT += 1.0F;
C51 COMPILER V9.54   HW8012                                                                09/20/2018 11:05:43 PAGE 2   

  54   1      }
  55          
  56          void Ext_INT3 (void) interrupt INT3_VECTOR{     //进中断时已经清除标志
  57   1      
  58   1              pinFP_volXcurCNT += 1.0F;
  59   1      }
  60          
  61          //float elecConsum_save_read(void){
  62          
  63          //      unsigned long xdata temp = 0UL;
  64          //      u8 xdata valTemp_save[4] = {0};
  65          //      
  66          //      EEPROM_read_n(EEPROM_ADDR_elecValSaveMark, valTemp_save, 4);
  67          //      temp |= (u32)valTemp_save[0] << 0;
  68          //      temp |= (u32)valTemp_save[1] << 8;
  69          //      temp |= (u32)valTemp_save[2] << 16;
  70          //      temp |= (u32)valTemp_save[3] << 24;
  71          //      
  72          //      return ((float)temp / 100000000.00F);
  73          //}
  74          
  75          //void floatVal_save(float val, bit reCord_IF){
  76          
  77          //      unsigned long xdata temp = 0UL;
  78          //      u8 xdata valTemp_save[4] = {0};
  79          //      
  80          //      float xdata dataBase = elecConsum_save_read();
  81          ////    float xdata dataBase = 0.1234F;
  82          //      
  83          //      if(reCord_IF)dataBase = val;
  84          //      else{
  85          //      
  86          //              dataBase += val;
  87          //      }
  88          //      
  89          //      temp = (unsigned long)(dataBase * 100000000.00F);
  90          //      valTemp_save[0] = (u8)((temp & 0x000000ffUL) >>  0);
  91          //      valTemp_save[1] = (u8)((temp & 0x0000ff00UL) >>  8);
  92          //      valTemp_save[2] = (u8)((temp & 0x00ff0000UL) >> 16);
  93          //      valTemp_save[3] = (u8)((temp & 0xff000000UL) >> 24);
  94          //      
  95          //      coverEEPROM_write_n(EEPROM_ADDR_elecValSaveMark, valTemp_save, 4);
  96          //}
  97          
  98          void elecParamLog_thread(void){
  99   1      
 100   1              const   u16 log_Period  = 600;
 101   1              static  u16 log_Cnt             = 0;
 102   1              
 103   1              u8 xdata log_Info[80];
 104   1              
 105   1              if(NULL != memmem(rxBuff_WIFI, COM_RX1_Lenth, "signal switch", 13)){
 106   2              
 107   2                      rxBuff_WIFI_Clr();
 108   2                      pin_funFP_Select = !pin_funFP_Select;
 109   2                      memset(log_Info, 0, sizeof(u8) * 40);
 110   2                      sprintf(log_Info, "set %d ok!\n", (int)pin_funFP_Select);
 111   2                      uartObjWIFI_Send_String(log_Info, strlen(log_Info));
 112   2              }
 113   1              
 114   1              if(log_Cnt < log_Period)log_Cnt ++;
 115   1              else{
C51 COMPILER V9.54   HW8012                                                                09/20/2018 11:05:43 PAGE 3   

 116   2              
 117   2                      log_Cnt = 0;
 118   2                      
 119   2      //              paramElec_Param.eVoltage = paramElec_Param.eCurrent = paramElec_Param.ePower = elec_Consum = 123.45600
             -;
 120   2                      
 121   2                      /*数据输出测试*///8051性能有限，sprintf浮点数输出极限为2个单位，故分次打印输出，效果一样
 122   2                      memset(log_Info, 0, sizeof(u8) * 80);
 123   2                      if(pin_funFP_Select){
 124   3                      
 125   3                              sprintf(log_Info, " fpU/I: %.02f Hz(电压).\n fpP: %.02f Hz.\n",  pinFP_volXcur,
 126   3                                                                                                                                                               pinFP_power);
 127   3                              uartObjWIFI_Send_String(log_Info, strlen(log_Info));    
 128   3                              
 129   3                              memset(log_Info, 0, sizeof(u8) * 80);
 130   3                              sprintf(log_Info, " val_U: %.02fV.\n", paramElec_Param.eVoltage);
 131   3                              
 132   3                              uartObjWIFI_Send_String(log_Info, strlen(log_Info));    
 133   3                              
 134   3                      }else{
 135   3                      
 136   3                              sprintf(log_Info, " fpU/I: %.02f Hz(电流).\n fpP: %.02f Hz.\n",  pinFP_volXcur,
 137   3                                                                                                                                                               pinFP_power);
 138   3                              uartObjWIFI_Send_String(log_Info, strlen(log_Info));
 139   3                              
 140   3                              memset(log_Info, 0, sizeof(u8) * 80);
 141   3                              sprintf(log_Info, " val_I: %.02fmA\n", paramElec_Param.eCurrent);
 142   3                              
 143   3                              uartObjWIFI_Send_String(log_Info, strlen(log_Info));
 144   3                      }                                                                                                                       
 145   2                      
 146   2                      {
 147   3                      
 148   3      //                      float xdata elecConsum_temp = 0.0F;
 149   3      //                      
 150   3      //                      floatVal_save(elec_Consum, 0);
 151   3      //                      elecConsum_temp = elecConsum_save_read();
 152   3                              
 153   3                              memset(log_Info, 0, sizeof(u8) * 80);
 154   3                              sprintf(log_Info, " val_P: %.02fW.\n val_elec_Sum: %.08fkWh.\n\n",      paramElec_Param.ePower,
 155   3                                                                                                                                                                      elec_Consum);
 156   3                              
 157   3                              uartObjWIFI_Send_String(log_Info, strlen(log_Info));
 158   3                      }
 159   2              }
 160   1      }


MODULE INFORMATION:   STATIC OVERLAYABLE
   CODE SIZE        =    734    ----
   CONSTANT SIZE    =    185    ----
   XDATA SIZE       =     40      80
   PDATA SIZE       =   ----    ----
   DATA SIZE        =      2       2
   IDATA SIZE       =   ----    ----
   BIT SIZE         =   ----    ----
   EDATA SIZE       =   ----    ----
   HDATA SIZE       =   ----    ----
   XDATA CONST SIZE =   ----    ----
   FAR CONST SIZE   =   ----    ----
END OF MODULE INFORMATION.


C51 COMPILATION COMPLETE.  0 WARNING(S),  0 ERROR(S)
