BL51 BANKED LINKER/LOCATER V6.22                                                        07/26/2018  09:52:52  PAGE 1


BL51 BANKED LINKER/LOCATER V6.22, INVOKED BY:
C:\KEIL_V5\C51\BIN\BL51.EXE .\Output\Usr_Main.obj, .\Output\timerAct.obj, .\Output\appTimer.obj, .\Output\dataManage.obj
>> , .\Output\Tips.obj, .\Output\usrKin.obj, .\Output\dataTrans.obj, .\Output\HW8012.obj, .\Output\wifi_LPT220.obj, .\Ou
>> tput\Relay.obj, .\Output\HYM8564.obj, .\Output\Soft_UART.obj, .\Output\delay.obj, .\Output\USART.obj, .\Output\EEPROM
>> .obj, .\Output\pars_Method.obj TO .\Output\sw_elecMeasure PRINT (.\Listings\sw_elecMeasure.m51) RAMSIZE (256)


MEMORY MODEL: SMALL WITH FLOATING POINT ARITHMETIC


INPUT MODULES INCLUDED:
  .\Output\Usr_Main.obj (USR_MAIN)
  .\Output\timerAct.obj (TIMERACT)
  .\Output\appTimer.obj (APPTIMER)
  .\Output\dataManage.obj (DATAMANAGE)
  .\Output\Tips.obj (TIPS)
  .\Output\usrKin.obj (USRKIN)
  .\Output\dataTrans.obj (DATATRANS)
  .\Output\HW8012.obj (HW8012)
  .\Output\wifi_LPT220.obj (WIFI_LPT220)
  .\Output\Relay.obj (RELAY)
  .\Output\HYM8564.obj (HYM8564)
  .\Output\Soft_UART.obj (SOFT_UART)
  .\Output\delay.obj (DELAY)
  .\Output\USART.obj (USART)
  .\Output\EEPROM.obj (EEPROM)
  .\Output\pars_Method.obj (PARS_METHOD)
  C:\KEIL_V5\C51\LIB\C51FPS.LIB (?C?FPADD)
  C:\KEIL_V5\C51\LIB\C51FPS.LIB (?C?FPMUL)
  C:\KEIL_V5\C51\LIB\C51FPS.LIB (?C?FPDIV)
  C:\KEIL_V5\C51\LIB\C51FPS.LIB (?C?FPCMP)
  C:\KEIL_V5\C51\LIB\C51FPS.LIB (?C?FCAST)
  C:\KEIL_V5\C51\LIB\C51FPS.LIB (?C?CASTF)
  C:\KEIL_V5\C51\LIB\C51FPS.LIB (PRINTF)
  C:\KEIL_V5\C51\LIB\C51FPS.LIB (?C?FPGETOPN)
  C:\KEIL_V5\C51\LIB\C51FPS.LIB (?C?FPROUND)
  C:\KEIL_V5\C51\LIB\C51FPS.LIB (?C?FPCONVERT)
  C:\KEIL_V5\C51\LIB\C51FPS.LIB (?C?FTNPWR)
  C:\KEIL_V5\C51\LIB\C51S.LIB (?C_STARTUP)
  C:\KEIL_V5\C51\LIB\C51S.LIB (?C?COPY)
  C:\KEIL_V5\C51\LIB\C51S.LIB (?C?CLDPTR)
  C:\KEIL_V5\C51\LIB\C51S.LIB (?C?CLDOPTR)
  C:\KEIL_V5\C51\LIB\C51S.LIB (?C?CSTPTR)
  C:\KEIL_V5\C51\LIB\C51S.LIB (?C?CSTOPTR)
  C:\KEIL_V5\C51\LIB\C51S.LIB (?C?IMUL)
  C:\KEIL_V5\C51\LIB\C51S.LIB (?C?UIDIV)
  C:\KEIL_V5\C51\LIB\C51S.LIB (?C?LNEG)
  C:\KEIL_V5\C51\LIB\C51S.LIB (?C?ULCMP)
  C:\KEIL_V5\C51\LIB\C51S.LIB (?C?ULSHR)
  C:\KEIL_V5\C51\LIB\C51S.LIB (?C?LLDIDATA)
  C:\KEIL_V5\C51\LIB\C51S.LIB (?C?LLDIDATA0)
  C:\KEIL_V5\C51\LIB\C51S.LIB (?C?LSTIDATA)
  C:\KEIL_V5\C51\LIB\C51S.LIB (?C?LSTXDATA)
  C:\KEIL_V5\C51\LIB\C51S.LIB (?C?LSTKIDATA)
  C:\KEIL_V5\C51\LIB\C51S.LIB (?C?LSTKXDATA)
  C:\KEIL_V5\C51\LIB\C51S.LIB (?C?PLDIIDATA)
  C:\KEIL_V5\C51\LIB\C51S.LIB (?C?PLDOPTR)
  C:\KEIL_V5\C51\LIB\C51S.LIB (?C?CCASE)
BL51 BANKED LINKER/LOCATER V6.22                                                      07/26/2018  09:52:52  PAGE 2


  C:\KEIL_V5\C51\LIB\C51S.LIB (?C?ICALL)
  C:\KEIL_V5\C51\LIB\C51S.LIB (PUTCHAR)
  C:\KEIL_V5\C51\LIB\C51S.LIB (STRLEN)
  C:\KEIL_V5\C51\LIB\C51S.LIB (?C?MEMCMP)
  C:\KEIL_V5\C51\LIB\C51S.LIB (?C?MEMSET)
  C:\KEIL_V5\C51\LIB\C51S.LIB (?C_INIT)
  C:\KEIL_V5\C51\LIB\C51S.LIB (?C?PLDIDATA)
  C:\KEIL_V5\C51\LIB\C51S.LIB (?C?PLDXDATA)
  C:\KEIL_V5\C51\LIB\C51S.LIB (?C?PLDPDATA)
  C:\KEIL_V5\C51\LIB\C51S.LIB (?C?PLDCODE)


LINK MAP OF MODULE:  .\Output\sw_elecMeasure (USR_MAIN)


            TYPE    BASE      LENGTH    RELOCATION   SEGMENT NAME
            -----------------------------------------------------

            * * * * * * *   D A T A   M E M O R Y   * * * * * * *
            REG     0000H     0008H     ABSOLUTE     "REG BANK 0"
            DATA    0008H     0015H     UNIT         ?DT?DATATRANS
            DATA    001DH     0003H     UNIT         ?DT?TIPS
            BIT     0020H.0   0001H.1   UNIT         _BIT_GROUP_
            BIT     0021H.1   0000H.4   UNIT         ?BI?USRKIN
            BIT     0021H.5   0000H.4   UNIT         ?BI?THREAD_DATATRANS?DATATRANS
            BIT     0022H.1   0000H.3   UNIT         ?BI?TIMERACT
            BIT     0022H.4   0000H.2   UNIT         ?BI?DATATRANS
            BIT     0022H.6   0000H.1   UNIT         ?BI?TIPS
            BIT     0022H.7   0000H.1   UNIT         ?BI?_DTASTX_LOADBASIC_AUTO?DATATRANS
            BIT     0023H.0   0000H.1   UNIT         ?BI?_DTASTX_LOADBASIC_CUST?DATATRANS
            BIT     0023H.1   0000H.1   UNIT         ?BI?RELAY
                    0023H.2   0000H.6                *** GAP ***
            DATA    0024H     0034H     UNIT         _DATA_GROUP_
            DATA    0058H     0014H     UNIT         ?DT?FACTORY_RECOVER?DATAMANAGE
            DATA    006CH     0010H     UNIT         ?DT?THREAD_DATATRANS?DATATRANS
            DATA    007CH     0003H     UNIT         ?DT?_FRAME_CHECK?DATATRANS
            DATA    007FH     0001H     UNIT         ?DT?HW8012
            IDATA   0080H     002CH     UNIT         ?ID?_WIFI_SERVERUDP_CHG?WIFI_LPT220
            IDATA   00ACH     0018H     UNIT         ?ID?HW8012
            IDATA   00C4H     0013H     UNIT         _IDATA_GROUP_
            IDATA   00D7H     0007H     UNIT         ?ID?HYM8564_TEST?HYM8564
            IDATA   00DEH     0006H     UNIT         ?ID?DATAMANAGE
            IDATA   00E4H     0002H     UNIT         ?ID?USRKIN
            IDATA   00E6H     0001H     UNIT         ?STACK

            * * * * * * *  X D A T A   M E M O R Y  * * * * * * *
            XDATA   0000H     0002H     INPAGE       _PDATA_GROUP_
            XDATA   0002H     0140H     UNIT         ?XD?USART
            XDATA   0142H     00D0H     UNIT         _XDATA_GROUP_
            XDATA   0212H     00BCH     UNIT         ?XD?THREAD_DATATRANS?DATATRANS
            XDATA   02CEH     0050H     UNIT         ?XD?TIME_LOGOUT?HYM8564
            XDATA   031EH     0020H     UNIT         ?XD?_DTASTX_LOADBASIC_AUTO?DATATRANS
            XDATA   033EH     0020H     UNIT         ?XD?_DTASTX_LOADBASIC_CUST?DATATRANS
            XDATA   035EH     001EH     UNIT         ?XD?FACTORY_RECOVER?DATAMANAGE
            XDATA   037CH     0004H     UNIT         ?XD?WIFI_LPT220
            XDATA   0380H     0001H     UNIT         ?XD?DATATRANS

BL51 BANKED LINKER/LOCATER V6.22                                                      07/26/2018  09:52:52  PAGE 3


            * * * * * * *   C O D E   M E M O R Y   * * * * * * *
            CODE    0000H     0003H     ABSOLUTE     
            CODE    0003H     0008H     UNIT         ?CO?APPTIMER
            CODE    000BH     0003H     ABSOLUTE     
            CODE    000EH     0015H     UNIT         ?CO?USR_MAIN
            CODE    0023H     0003H     ABSOLUTE     
            CODE    0026H     002CH     INBLOCK      ?PR?_LOGDATS?SOFT_UART
                    0052H     0001H                  *** GAP ***
            CODE    0053H     0003H     ABSOLUTE     
            CODE    0056H     0005H     INBLOCK      ?PR?FUN_KLONG?USRKIN
            CODE    005BH     0003H     ABSOLUTE     
            CODE    005EH     0A65H     UNIT         ?C?LIB_CODE
            CODE    0AC3H     046FH     UNIT         ?PR?PRINTF?PRINTF
            CODE    0F32H     00B7H     INBLOCK      ?PR?_CMDAT_VALIDATION?WIFI_LPT220
            CODE    0FE9H     0015H     INBLOCK      ?PR?APPTIMER0_INIT?APPTIMER
                    0FFEH     0002H                  *** GAP ***
            CODE    1000H     077FH     INBLOCK      ?PR?THREAD_DATATRANS?DATATRANS
            CODE    177FH     0080H     UNIT         ?CO?EEPROM
                    17FFH     0001H                  *** GAP ***
            CODE    1800H     0284H     INBLOCK      ?PR?TIMER0_ROUNTINE?APPTIMER
            CODE    1A84H     022FH     UNIT         ?CO?WIFI_LPT220
            CODE    1CB3H     01A4H     INBLOCK      ?PR?THREAD_TIMING?TIMERACT
            CODE    1E57H     01A1H     INBLOCK      ?PR?ELECPARAMLOG_THREAD?HW8012
            CODE    1FF8H     0176H     UNIT         ?CO?DATATRANS
            CODE    216EH     0170H     INBLOCK      ?PR?WIFI_CONFIGINIT?WIFI_LPT220
            CODE    22DEH     0165H     INBLOCK      ?PR?_DTASTX_LOADBASIC_CUST?DATATRANS
            CODE    2443H     0160H     INBLOCK      ?PR?_DTASTX_LOADBASIC_AUTO?DATATRANS
            CODE    25A3H     011AH     INBLOCK      ?PR?BIRTHDAY_JUDGE?DATAMANAGE
            CODE    26BDH     0115H     UNIT         ?CO?DATAMANAGE
            CODE    27D2H     002EH     INBLOCK      ?PR?_READ_HYM8564_BYTE?HYM8564
            CODE    2800H     00FAH     INBLOCK      ?PR?_WIFI_SERVERUDP_CHG?WIFI_LPT220
            CODE    28FAH     00DBH     INBLOCK      ?PR?_DATSTIMING_READ_EEPROM?TIMERACT
            CODE    29D5H     00CFH     INBLOCK      ?PR?FACTORY_RECOVER?DATAMANAGE
            CODE    2AA4H     00B3H     UNIT         ?C_INITSEG
            CODE    2B57H     00ADH     UNIT         ?CO?HW8012
            CODE    2C04H     00A6H     INBLOCK      ?PR?_USRKEYSCAN?USRKIN
            CODE    2CAAH     00A1H     UNIT         ?CO?HYM8564
            CODE    2D4BH     009BH     INBLOCK      ?PR?_WIFI_ENTM_OUT?WIFI_LPT220
            CODE    2DE6H     009AH     INBLOCK      ?PR?_MEMLOC?PARS_METHOD
            CODE    2E80H     0099H     INBLOCK      ?PR?MAC_ID_RELAES?DATAMANAGE
            CODE    2F19H     0096H     INBLOCK      ?PR?_TIMEREAD?HYM8564
            CODE    2FAFH     008CH     UNIT         ?C_C51STARTUP
            CODE    303BH     0089H     UNIT         ?CO?TIMERACT
            CODE    30C4H     0087H     UNIT         ?CO?TIPS
            CODE    314BH     0087H     INBLOCK      ?PR?_MEMMEM?PARS_METHOD
            CODE    31D2H     0084H     INBLOCK      ?PR?_POWERTIPS?TIPS
            CODE    3256H     0074H     INBLOCK      ?PR?_BEEPTIPS?TIPS
            CODE    32CAH     0073H     INBLOCK      ?PR?UARTOBJWIFI_INIT?DATATRANS
            CODE    333DH     006DH     INBLOCK      ?PR?UART1_ROUNTINE?DATATRANS
            CODE    33AAH     006AH     INBLOCK      ?PR?TIMESET?HYM8564
            CODE    3414H     0063H     INBLOCK      ?PR?TIME_LOGOUT?HYM8564
            CODE    3477H     0061H     INBLOCK      ?PR?_COVEREEPROM_WRITE_N?EEPROM
            CODE    34D8H     0055H     INBLOCK      ?PR?HYM8564_TEST?HYM8564
            CODE    352DH     0054H     INBLOCK      ?PR?TIPS_INITCMP?TIPS
            CODE    3581H     0043H     INBLOCK      ?PR?MAIN?USR_MAIN
            CODE    35C4H     0043H     INBLOCK      ?PR?RELAY_PININIT?RELAY
            CODE    3607H     003FH     INBLOCK      ?PR?_IIC_HYM8564_SENDBYTE?HYM8564
BL51 BANKED LINKER/LOCATER V6.22                                                      07/26/2018  09:52:52  PAGE 4


            CODE    3646H     003DH     INBLOCK      ?PR?_BEEPS?TIPS
            CODE    3683H     003DH     INBLOCK      ?PR?_EEPROM_READ_N?EEPROM
            CODE    36C0H     003DH     INBLOCK      ?PR?_EEPROM_WRITE_N?EEPROM
            CODE    36FDH     003CH     INBLOCK      ?PR?_RELAY_ACT?RELAY
            CODE    3739H     003BH     INBLOCK      ?PR?CMDPACKAT_VALIDATION?WIFI_LPT220
            CODE    3774H     0034H     INBLOCK      ?PR?WIFI_HWSMARTLINK?WIFI_LPT220
            CODE    37A8H     0033H     INBLOCK      ?PR?IIC_HYM8564_RECVACK?HYM8564
            CODE    37DBH     0024H     INBLOCK      ?PR?_WRITE_HYM8564_BYTE?HYM8564
                    37FFH     0001H                  *** GAP ***
            CODE    3800H     0033H     INBLOCK      ?PR?IIC_HYM8564_READBYTE?HYM8564
            CODE    3833H     0032H     INBLOCK      ?PR?_SEG_TIPSSHOW?TIPS
            CODE    3865H     0031H     INBLOCK      ?PR?_FRAME_CHECK?DATATRANS
            CODE    3896H     002FH     INBLOCK      ?PR?THREAD_RELAY?RELAY
            CODE    38C5H     002AH     INBLOCK      ?PR?_WEEKEND_JUDGE?TIMERACT
            CODE    38EFH     002AH     INBLOCK      ?PR?_TXSEND?SOFT_UART
            CODE    3919H     0029H     INBLOCK      ?PR?BSP_INIT?USR_MAIN
            CODE    3942H     0027H     UNIT         ?PR?PUTCHAR?PUTCHAR
            CODE    3969H     0026H     INBLOCK      ?PR?_DELAYXUS?HYM8564
            CODE    398FH     0026H     INBLOCK      ?PR?_UART1_DATSSEND?USART
            CODE    39B5H     0023H     INBLOCK      ?PR?WIFI_PININIT?WIFI_LPT220
            CODE    39D8H     0023H     INBLOCK      ?PR?_TX1_WRITE2BUFF?USART
            CODE    39FBH     0021H     INBLOCK      ?PR?TIPS_INIT?TIPS
            CODE    3A1CH     001FH     INBLOCK      ?PR?WIFI_HWRESTOREFACTORY?WIFI_LPT220
            CODE    3A3BH     001FH     INBLOCK      ?PR?IIC_HYM8564_START?HYM8564
            CODE    3A5AH     001FH     INBLOCK      ?PR?_EEPROM_SECTORERASE?EEPROM
            CODE    3A79H     001DH     INBLOCK      ?PR?IIC_HYM8564_STOP?HYM8564
            CODE    3A96H     001AH     INBLOCK      ?PR?_BEEPTIPS_S?TIPS
            CODE    3AB0H     0019H     INBLOCK      ?PR?INTMEASURE_INIT?HW8012
            CODE    3AC9H     0018H     INBLOCK      ?PR?EXT_INT2?HW8012
            CODE    3AE1H     0018H     INBLOCK      ?PR?EXT_INT3?HW8012
            CODE    3AF9H     0015H     INBLOCK      ?PR?_DELAYMS?DELAY
            CODE    3B0EH     0015H     UNIT         ?PR?_STRLEN?STRLEN
            CODE    3B23H     0013H     INBLOCK      ?PR?_BEEPS_DELAY?TIPS
            CODE    3B36H     0013H     INBLOCK      ?PR?RXBUFF_WIFI_CLR?DATATRANS
            CODE    3B49H     0013H     INBLOCK      ?PR?_DTOBCD?HYM8564
            CODE    3B5CH     0013H     INBLOCK      ?PR?_PRINTSTRING1?USART
            CODE    3B6FH     0010H     INBLOCK      ?PR?_LOGSTRING?SOFT_UART
            CODE    3B7FH     0010H     INBLOCK      ?PR?_DELAY_MS?DELAY
            CODE    3B8FH     000FH     INBLOCK      ?PR?SOFTWARE_RESET?DATAMANAGE
            CODE    3B9EH     000FH     INBLOCK      ?PR?_BCDTOD?HYM8564
            CODE    3BADH     000EH     INBLOCK      ?PR?BITTIME?SOFT_UART
            CODE    3BBBH     000EH     INBLOCK      ?PR?DISABLEEEPROM?EEPROM
            CODE    3BC9H     000DH     INBLOCK      ?PR?PINLED_INIT?TIPS
            CODE    3BD6H     0009H     INBLOCK      ?PR?USR_TEST?USR_MAIN
            CODE    3BDFH     0008H     UNIT         ?CO?USRKIN
            CODE    3BE7H     0007H     INBLOCK      ?PR?PINBEEP_INIT?TIPS
            CODE    3BEEH     0007H     INBLOCK      ?PR?USRKIN_PININIT?USRKIN
            CODE    3BF5H     0007H     INBLOCK      ?PR?DELAY1US?HYM8564
            CODE    3BFCH     0007H     INBLOCK      ?PR?IICHYM8564_PININIT?HYM8564
            CODE    3C03H     0005H     INBLOCK      ?PR?FUN_KSHORT?USRKIN
            CODE    3C08H     0003H     INBLOCK      ?PR?USRKEYSCAN_ONESHOOT?USRKIN
            CODE    3C0BH     0003H     INBLOCK      ?PR?_UARTOBJWIFI_SEND_BYTE?DATATRANS
            CODE    3C0EH     0003H     INBLOCK      ?PR?_UARTOBJWIFI_SEND_STRING?DATATRANS



OVERLAY MAP OF MODULE:   .\Output\sw_elecMeasure (USR_MAIN)
BL51 BANKED LINKER/LOCATER V6.22                                                      07/26/2018  09:52:52  PAGE 5




SEGMENT                                           BIT_GROUP          DATA_GROUP          IDATA_GROUP         PDATA_GROUP
>>          XDATA_GROUP
  +--> CALLED SEGMENT                          START    LENGTH     START    LENGTH     START    LENGTH     START    LENG
>> TH     START    LENGTH

?PR?TIMER0_ROUNTINE?APPTIMER                   -----    -----      -----    -----      -----    -----      -----    ----
>> -      -----    -----
  +--> ?CO?APPTIMER
  +--> ?PR?TIPS_INIT?TIPS
  +--> ?PR?_POWERTIPS?TIPS

?PR?TIPS_INIT?TIPS                             -----    -----      -----    -----      -----    -----      -----    ----
>> -      -----    -----
  +--> ?PR?_SEG_TIPSSHOW?TIPS

?PR?_POWERTIPS?TIPS                            -----    -----      0024H    0004H      -----    -----      -----    ----
>> -      -----    -----

*** NEW ROOT ***************************************************

?C_C51STARTUP                                  -----    -----      -----    -----      -----    -----      -----    ----
>> -      -----    -----
  +--> ?PR?MAIN?USR_MAIN
  +--> ?C_INITSEG

?PR?MAIN?USR_MAIN                              -----    -----      -----    -----      -----    -----      -----    ----
>> -      -----    -----
  +--> ?CO?USR_MAIN
  +--> ?PR?_LOGSTRING?SOFT_UART
  +--> ?PR?BIRTHDAY_JUDGE?DATAMANAGE
  +--> ?PR?BSP_INIT?USR_MAIN
  +--> ?PR?TIPS_INITCMP?TIPS
  +--> ?PR?THREAD_TIMING?TIMERACT
  +--> ?PR?THREAD_RELAY?RELAY
  +--> ?PR?ELECPARAMLOG_THREAD?HW8012
  +--> ?PR?FUN_KSHORT?USRKIN
  +--> ?PR?FUN_KLONG?USRKIN
  +--> ?PR?_USRKEYSCAN?USRKIN
  +--> ?PR?_DELAYMS?DELAY

?PR?_LOGSTRING?SOFT_UART                       -----    -----      -----    -----      -----    -----      -----    ----
>> -      -----    -----
  +--> ?PR?_TXSEND?SOFT_UART

?PR?_TXSEND?SOFT_UART                          -----    -----      -----    -----      -----    -----      -----    ----
>> -      -----    -----
  +--> ?PR?BITTIME?SOFT_UART

?PR?BIRTHDAY_JUDGE?DATAMANAGE                  -----    -----      0028H    0014H      -----    -----      -----    ----
>> -      0142H    001EH
  +--> ?CO?DATAMANAGE
  +--> ?PR?_DELAYMS?DELAY
  +--> ?PR?_EEPROM_READ_N?EEPROM
  +--> ?PR?_EEPROM_SECTORERASE?EEPROM
  +--> ?PR?_EEPROM_WRITE_N?EEPROM
BL51 BANKED LINKER/LOCATER V6.22                                                      07/26/2018  09:52:52  PAGE 6


  +--> ?PR?PRINTF?PRINTF
  +--> ?PR?_STRLEN?STRLEN
  +--> ?PR?_LOGDATS?SOFT_UART

?PR?_DELAYMS?DELAY                             -----    -----      -----    -----      -----    -----      -----    ----
>> -      -----    -----
  +--> ?PR?_DELAY_MS?DELAY

?PR?_EEPROM_READ_N?EEPROM                      -----    -----      003CH    0007H      -----    -----      -----    ----
>> -      -----    -----
  +--> ?PR?DISABLEEEPROM?EEPROM

?PR?_EEPROM_SECTORERASE?EEPROM                 -----    -----      -----    -----      -----    -----      -----    ----
>> -      -----    -----
  +--> ?PR?DISABLEEEPROM?EEPROM

?PR?_EEPROM_WRITE_N?EEPROM                     -----    -----      003CH    0007H      -----    -----      -----    ----
>> -      -----    -----
  +--> ?PR?DISABLEEEPROM?EEPROM

?PR?PRINTF?PRINTF                              0020H.0  0001H.1    003CH    001CH      -----    -----      -----    ----
>> -      -----    -----
  +--> ?PR?PUTCHAR?PUTCHAR

?PR?_LOGDATS?SOFT_UART                         -----    -----      003CH    0005H      -----    -----      -----    ----
>> -      -----    -----
  +--> ?PR?_TXSEND?SOFT_UART

?PR?BSP_INIT?USR_MAIN                          -----    -----      -----    -----      -----    -----      -----    ----
>> -      -----    -----
  +--> ?PR?MAC_ID_RELAES?DATAMANAGE
  +--> ?PR?APPTIMER0_INIT?APPTIMER
  +--> ?PR?INTMEASURE_INIT?HW8012
  +--> ?PR?IICHYM8564_PININIT?HYM8564
  +--> ?PR?PINLED_INIT?TIPS
  +--> ?PR?PINBEEP_INIT?TIPS
  +--> ?PR?WIFI_PININIT?WIFI_LPT220
  +--> ?PR?USRKIN_PININIT?USRKIN
  +--> ?PR?UARTOBJWIFI_INIT?DATATRANS
  +--> ?PR?RELAY_PININIT?RELAY
  +--> ?PR?WIFI_CONFIGINIT?WIFI_LPT220

?PR?MAC_ID_RELAES?DATAMANAGE                   -----    -----      0028H    0002H      -----    -----      -----    ----
>> -      0142H    0032H
  +--> ?CO?DATAMANAGE
  +--> ?PR?_STRLEN?STRLEN
  +--> ?PR?_LOGDATS?SOFT_UART
  +--> ?PR?PRINTF?PRINTF

?PR?UARTOBJWIFI_INIT?DATATRANS                 -----    -----      0028H    0004H      -----    -----      -----    ----
>> -      -----    -----
  +--> ?CO?DATATRANS
  +--> ?PR?_PRINTSTRING1?USART

?PR?_PRINTSTRING1?USART                        -----    -----      -----    -----      -----    -----      -----    ----
>> -      -----    -----
  +--> ?PR?_TX1_WRITE2BUFF?USART
BL51 BANKED LINKER/LOCATER V6.22                                                      07/26/2018  09:52:52  PAGE 7



?PR?RELAY_PININIT?RELAY                        -----    -----      0028H    0001H      -----    -----      -----    ----
>> -      -----    -----
  +--> ?PR?_EEPROM_READ_N?EEPROM
  +--> ?PR?_COVEREEPROM_WRITE_N?EEPROM

?PR?_COVEREEPROM_WRITE_N?EEPROM                -----    -----      0029H    0007H      -----    -----      -----    ----
>> -      0192H    0080H
  +--> ?CO?EEPROM
  +--> ?PR?_EEPROM_READ_N?EEPROM
  +--> ?PR?_EEPROM_SECTORERASE?EEPROM
  +--> ?PR?_EEPROM_WRITE_N?EEPROM

?PR?WIFI_CONFIGINIT?WIFI_LPT220                -----    -----      0028H    0002H      -----    -----      -----    ----
>> -      0142H    002CH
  +--> ?CO?WIFI_LPT220
  +--> ?PR?_DELAYMS?DELAY
  +--> ?PR?_LOGSTRING?SOFT_UART
  +--> ?PR?_WIFI_ENTM_OUT?WIFI_LPT220
  +--> ?PR?CMDPACKAT_VALIDATION?WIFI_LPT220
  +--> ?PR?PRINTF?PRINTF
  +--> ?PR?_CMDAT_VALIDATION?WIFI_LPT220
  +--> ?PR?_STRLEN?STRLEN
  +--> ?PR?_UARTOBJWIFI_SEND_STRING?DATATRANS

?PR?_WIFI_ENTM_OUT?WIFI_LPT220                 -----    -----      002AH    0001H      -----    -----      -----    ----
>> -      -----    -----
  +--> ?PR?_UARTOBJWIFI_SEND_BYTE?DATATRANS
  +--> ?PR?_DELAYMS?DELAY
  +--> ?CO?WIFI_LPT220
  +--> ?PR?_MEMMEM?PARS_METHOD

?PR?_UARTOBJWIFI_SEND_BYTE?DATATRANS           -----    -----      -----    -----      -----    -----      -----    ----
>> -      -----    -----
  +--> ?PR?_TX1_WRITE2BUFF?USART

?PR?_MEMMEM?PARS_METHOD                        -----    -----      0046H    000FH      -----    -----      -----    ----
>> -      -----    -----

?PR?CMDPACKAT_VALIDATION?WIFI_LPT220           -----    -----      002AH    000EH      -----    -----      -----    ----
>> -      -----    -----
  +--> ?CO?WIFI_LPT220
  +--> ?PR?_CMDAT_VALIDATION?WIFI_LPT220

?PR?_CMDAT_VALIDATION?WIFI_LPT220              -----    -----      0038H    000EH      -----    -----      -----    ----
>> -      -----    -----
  +--> ?CO?WIFI_LPT220
  +--> ?PR?RXBUFF_WIFI_CLR?DATATRANS
  +--> ?PR?_STRLEN?STRLEN
  +--> ?PR?_UARTOBJWIFI_SEND_STRING?DATATRANS
  +--> ?PR?_DELAYMS?DELAY
  +--> ?PR?_MEMMEM?PARS_METHOD

?PR?_UARTOBJWIFI_SEND_STRING?DATATRANS         -----    -----      -----    -----      -----    -----      -----    ----
>> -      -----    -----
  +--> ?PR?_UART1_DATSSEND?USART

BL51 BANKED LINKER/LOCATER V6.22                                                      07/26/2018  09:52:52  PAGE 8


?PR?_UART1_DATSSEND?USART                      -----    -----      0046H    0003H      -----    -----      -----    ----
>> -      -----    -----
  +--> ?PR?_TX1_WRITE2BUFF?USART

?PR?TIPS_INITCMP?TIPS                          -----    -----      -----    -----      -----    -----      -----    ----
>> -      -----    -----
  +--> ?PR?_SEG_TIPSSHOW?TIPS
  +--> ?PR?_DELAYMS?DELAY

?PR?THREAD_TIMING?TIMERACT                     -----    -----      0028H    0001H      00C4H    0013H      -----    ----
>> -      0142H    0050H
  +--> ?CO?TIMERACT
  +--> ?PR?_TIMEREAD?HYM8564
  +--> ?PR?_EEPROM_READ_N?EEPROM
  +--> ?PR?_DATSTIMING_READ_EEPROM?TIMERACT
  +--> ?PR?_WEEKEND_JUDGE?TIMERACT
  +--> ?PR?PRINTF?PRINTF
  +--> ?PR?_COVEREEPROM_WRITE_N?EEPROM

?PR?_TIMEREAD?HYM8564                          -----    -----      0029H    0003H      -----    -----      -----    ----
>> -      -----    -----
  +--> ?PR?_READ_HYM8564_BYTE?HYM8564
  +--> ?PR?_BCDTOD?HYM8564

?PR?_READ_HYM8564_BYTE?HYM8564                 -----    -----      -----    -----      -----    -----      -----    ----
>> -      -----    -----
  +--> ?PR?IIC_HYM8564_START?HYM8564
  +--> ?PR?_IIC_HYM8564_SENDBYTE?HYM8564
  +--> ?PR?IIC_HYM8564_RECVACK?HYM8564
  +--> ?PR?IIC_HYM8564_READBYTE?HYM8564
  +--> ?PR?IIC_HYM8564_STOP?HYM8564

?PR?IIC_HYM8564_START?HYM8564                  -----    -----      -----    -----      -----    -----      -----    ----
>> -      -----    -----
  +--> ?PR?_DELAYXUS?HYM8564

?PR?_DELAYXUS?HYM8564                          -----    -----      -----    -----      -----    -----      0000H    0002
>> H      -----    -----
  +--> ?PR?DELAY1US?HYM8564

?PR?_IIC_HYM8564_SENDBYTE?HYM8564              -----    -----      -----    -----      -----    -----      -----    ----
>> -      -----    -----
  +--> ?PR?_DELAYXUS?HYM8564

?PR?IIC_HYM8564_RECVACK?HYM8564                -----    -----      -----    -----      -----    -----      -----    ----
>> -      -----    -----
  +--> ?PR?_DELAYXUS?HYM8564

?PR?IIC_HYM8564_READBYTE?HYM8564               -----    -----      -----    -----      -----    -----      -----    ----
>> -      -----    -----
  +--> ?PR?_DELAYXUS?HYM8564

?PR?IIC_HYM8564_STOP?HYM8564                   -----    -----      -----    -----      -----    -----      -----    ----
>> -      -----    -----
  +--> ?PR?_DELAYXUS?HYM8564

?PR?_DATSTIMING_READ_EEPROM?TIMERACT           -----    -----      0029H    0010H      -----    -----      -----    ----
BL51 BANKED LINKER/LOCATER V6.22                                                      07/26/2018  09:52:52  PAGE 9


>> -      -----    -----
  +--> ?PR?_EEPROM_READ_N?EEPROM

?PR?THREAD_RELAY?RELAY                         -----    -----      -----    -----      -----    -----      -----    ----
>> -      -----    -----
  +--> ?PR?_RELAY_ACT?RELAY

?PR?_RELAY_ACT?RELAY                           -----    -----      0028H    0001H      -----    -----      -----    ----
>> -      -----    -----
  +--> ?PR?_COVEREEPROM_WRITE_N?EEPROM

?PR?ELECPARAMLOG_THREAD?HW8012                 -----    -----      0028H    0001H      -----    -----      -----    ----
>> -      0142H    0050H
  +--> ?CO?HW8012
  +--> ?PR?_MEMMEM?PARS_METHOD
  +--> ?PR?RXBUFF_WIFI_CLR?DATATRANS
  +--> ?PR?PRINTF?PRINTF
  +--> ?PR?_STRLEN?STRLEN
  +--> ?PR?_UARTOBJWIFI_SEND_STRING?DATATRANS

?PR?FUN_KSHORT?USRKIN                          -----    -----      -----    -----      -----    -----      -----    ----
>> -      -----    -----
  +--> ?PR?_RELAY_ACT?RELAY

?PR?FUN_KLONG?USRKIN                           -----    -----      -----    -----      -----    -----      -----    ----
>> -      -----    -----
  +--> ?PR?WIFI_HWSMARTLINK?WIFI_LPT220

?PR?WIFI_HWSMARTLINK?WIFI_LPT220               -----    -----      0028H    0001H      -----    -----      -----    ----
>> -      -----    -----
  +--> ?PR?_COVEREEPROM_WRITE_N?EEPROM
  +--> ?CO?WIFI_LPT220
  +--> ?PR?_LOGSTRING?SOFT_UART
  +--> ?PR?_BEEPS?TIPS
  +--> ?PR?_DELAYMS?DELAY

?PR?_BEEPS?TIPS                                -----    -----      0029H    0002H      -----    -----      -----    ----
>> -      -----    -----
  +--> ?CO?TIPS
  +--> ?PR?_BEEPTIPS_S?TIPS

?PR?_BEEPTIPS_S?TIPS                           -----    -----      002BH    0002H      -----    -----      -----    ----
>> -      -----    -----
  +--> ?PR?_BEEPTIPS?TIPS

?PR?_BEEPTIPS?TIPS                             -----    -----      002DH    0006H      -----    -----      -----    ----
>> -      -----    -----
  +--> ?PR?_BEEPS_DELAY?TIPS

?PR?_USRKEYSCAN?USRKIN                         -----    -----      0028H    0009H      -----    -----      -----    ----
>> -      -----    -----
  +--> ?PR?USRKEYSCAN_ONESHOOT?USRKIN
  +--> ?CO?USRKIN



IGNORED SEGMENTS:
BL51 BANKED LINKER/LOCATER V6.22                                                      07/26/2018  09:52:52  PAGE 10


   ?DT?TIMERACT
   ?DT?APPTIMER
   ?DT?_DTASTX_LOADBASIC_AUTO?DATATRANS
   ?DT?_DTASTX_LOADBASIC_CUST?DATATRANS
   ?DT?_WIFI_SERVERUDP_CHG?WIFI_LPT220
   ?DT?RELAY
   ?DT?_WRITE_HYM8564_BYTE?HYM8564
   ?DT?TIMESET?HYM8564
   ?DT?TIME_LOGOUT?HYM8564
   ?DT?HYM8564
   ?DT?USART
   ?DT?_MEMLOC?PARS_METHOD



IGNORED SYMBOLS:
   ?TIMESET?BYTE
   ?TIME_LOGOUT?BYTE
   ?_DTASTX_LOADBASIC_AUTO?BYTE
   ?_DTASTX_LOADBASIC_CUST?BYTE
   ?_MEMLOC?BYTE
   COM1
   DELAYCNT_CLOSELOOP
   DELAYCNT_ONOFF
   DELAYPERIOD_CLOSELOOP
   DELAYPERIOD_ONOFF
   IFDELAY_SW_RUNNING_FLAG
   RELAYSTATUS_IFSAVE
   SWSTATUS_FROMTIM
   SWTIM_ONSHOOT_FLAG



SYMBOL TABLE OF MODULE:  .\Output\sw_elecMeasure (USR_MAIN)

  VALUE           TYPE          NAME
  ----------------------------------

  -------         MODULE        USR_MAIN
  C:0000H         SYMBOL        _ICE_DUMMY_
  D:0080H         PUBLIC        P0
  D:0090H         PUBLIC        P1
  D:00A0H         PUBLIC        P2
  D:00B0H         PUBLIC        P3
  D:00C0H         PUBLIC        P4
  D:00C8H         PUBLIC        P5
  B:00A8H.7       PUBLIC        EA
  D:00A8H         PUBLIC        IE
  D:00B8H         PUBLIC        IP
  D:00D8H         PUBLIC        CCON
  C:3581H         PUBLIC        main
  D:0098H         PUBLIC        SCON
  B:00B0H.2       PUBLIC        P32
  D:0088H         PUBLIC        TCON
  C:3919H         PUBLIC        bsp_Init
  D:00F0H         PUBLIC        B
  D:008EH         PUBLIC        AUXR
BL51 BANKED LINKER/LOCATER V6.22                                                      07/26/2018  09:52:52  PAGE 11


  D:00E0H         PUBLIC        ACC
  C:3BD6H         PUBLIC        usr_Test
  D:00D0H         PUBLIC        PSW
  -------         PROC          USR_TEST
  C:3BD6H         LINE#         20
  C:3BD6H         LINE#         29
  C:3BD8H         LINE#         30
  -------         ENDPROC       USR_TEST
  -------         PROC          BSP_INIT
  C:3919H         LINE#         33
  C:3919H         LINE#         35
  C:391CH         LINE#         37
  C:391FH         LINE#         38
  C:3922H         LINE#         40
  C:3925H         LINE#         41
  C:3928H         LINE#         42
  C:392BH         LINE#         43
  C:392EH         LINE#         44
  C:3931H         LINE#         46
  C:3934H         LINE#         48
  C:3937H         LINE#         50
  C:393AH         LINE#         51
  C:393CH         LINE#         55
  C:3941H         LINE#         56
  -------         ENDPROC       BSP_INIT
  -------         PROC          MAIN
  C:3581H         LINE#         58
  C:3581H         LINE#         60
  C:3588H         LINE#         62
  C:358BH         LINE#         64
  C:358EH         LINE#         65
  C:3591H         LINE#         66
  C:3594H         LINE#         67
  C:3597H         LINE#         71
  C:3597H         LINE#         74
  C:359AH         LINE#         75
  C:359DH         LINE#         76
  C:35A0H         LINE#         77
  C:35BBH         LINE#         79
  C:35C2H         LINE#         80
  -------         ENDPROC       MAIN
  -------         ENDMOD        USR_MAIN

  -------         MODULE        TIMERACT
  C:0000H         SYMBOL        _ICE_DUMMY_
  D:0080H         PUBLIC        P0
  D:0090H         PUBLIC        P1
  D:00A0H         PUBLIC        P2
  D:00B0H         PUBLIC        P3
  D:00C0H         PUBLIC        P4
  D:00C8H         PUBLIC        P5
  C:28FAH         PUBLIC        _datsTiming_read_eeprom
  D:00A8H         PUBLIC        IE
  D:0000H         PUBLIC        delayPeriod_closeLoop
  D:00B8H         PUBLIC        IP
  D:00D8H         PUBLIC        CCON
  B:0022H.2       PUBLIC        ifTim_sw_running_FLAG
BL51 BANKED LINKER/LOCATER V6.22                                                      07/26/2018  09:52:52  PAGE 12


  D:0098H         PUBLIC        SCON
  D:0001H         PUBLIC        delayCnt_onoff
  D:0088H         PUBLIC        TCON
  D:0003H         PUBLIC        swStatus_fromTim
  D:00F0H         PUBLIC        B
  C:3060H         SYMBOL        _?ix1000
  C:3067H         SYMBOL        _?ix1001
  C:3073H         SYMBOL        _?ix1002
  D:00E0H         PUBLIC        ACC
  C:1CB3H         PUBLIC        thread_Timing
  D:0004H         PUBLIC        delayCnt_closeLoop
  C:38C5H         PUBLIC        _weekend_judge
  D:0006H         PUBLIC        swTim_onShoot_FLAG
  D:0007H         PUBLIC        ifDelay_sw_running_FLAG
  B:0022H.3       PUBLIC        delayUp_act
  D:0008H         PUBLIC        delayPeriod_onoff
  D:00D0H         PUBLIC        PSW
  -------         PROC          _DATSTIMING_READ_EEPROM
  D:0029H         SYMBOL        timDats_tab
  -------         DO            
  D:002CH         SYMBOL        dats_Temp
  D:0038H         SYMBOL        loop
  -------         ENDDO         
  C:28FAH         LINE#         28
  C:2900H         LINE#         33
  C:2913H         LINE#         35
  C:2916H         LINE#         37
  C:293DH         LINE#         38
  C:295DH         LINE#         39
  C:298FH         LINE#         40
  C:29A8H         LINE#         41
  C:29CAH         LINE#         42
  C:29D4H         LINE#         43
  -------         ENDPROC       _DATSTIMING_READ_EEPROM
  -------         PROC          _WEEKEND_JUDGE
  D:0004H         SYMBOL        weekNum
  D:0001H         SYMBOL        HoldNum
  -------         DO            
  D:0005H         SYMBOL        loop
  -------         ENDDO         
  C:38C5H         LINE#         46
  C:38C9H         LINE#         50
  C:38CAH         LINE#         51
  C:38CCH         LINE#         53
  C:38E3H         LINE#         55
  C:38E9H         LINE#         56
  C:38E9H         LINE#         57
  C:38EDH         LINE#         59
  C:38EEH         LINE#         60
  -------         ENDPROC       _WEEKEND_JUDGE
  -------         PROC          THREAD_TIMING
  -------         DO            
  D:0028H         SYMBOL        loop
  I:00C4H         SYMBOL        valTime_Local
  I:00CBH         SYMBOL        timDatsTemp_CalibrateTab
  -------         DO            
  B:0022H.1       SYMBOL        read_FLG
BL51 BANKED LINKER/LOCATER V6.22                                                      07/26/2018  09:52:52  PAGE 13


  -------         ENDDO         
  -------         DO            
  X:0142H         SYMBOL        log_dats
  -------         DO            
  C:30C3H         SYMBOL        dats_Temp
  -------         ENDDO         
  -------         ENDDO         
  -------         ENDDO         
  C:1CB3H         LINE#         62
  C:1CB3H         LINE#         64
  C:1CB6H         LINE#         66
  C:1CC7H         LINE#         68
  C:1CDAH         LINE#         70
  C:1CE3H         LINE#         73
  C:1CE3H         LINE#         77
  C:1CE6H         LINE#         79
  C:1CE8H         LINE#         81
  C:1CFBH         LINE#         82
  C:1D0EH         LINE#         83
  C:1D0EH         LINE#         84
  C:1D0EH         LINE#         87
  C:1D1AH         LINE#         88
  C:1D1AH         LINE#         90
  C:1D23H         LINE#         91
  C:1D23H         LINE#         94
  C:1D2CH         LINE#         97
  C:1D44H         LINE#         101
  C:1D44H         LINE#         103
  C:1D46H         LINE#         105
  C:1D47H         LINE#         107
  C:1D49H         LINE#         109
  C:1D4CH         LINE#         111
  C:1D64H         LINE#         113
  C:1D79H         LINE#         115
  C:1D8CH         LINE#         119
  C:1DC8H         LINE#         123
  C:1DF2H         LINE#         125
  C:1DF2H         LINE#         130
  C:1E08H         LINE#         134
  C:1E18H         LINE#         135
  C:1E34H         LINE#         136
  C:1E34H         LINE#         139
  C:1E43H         LINE#         141
  C:1E46H         LINE#         143
  C:1E48H         LINE#         145
  C:1E4BH         LINE#         146
  C:1E4BH         LINE#         147
  C:1E4BH         LINE#         148
  C:1E4BH         LINE#         149
  C:1E4BH         LINE#         150
  C:1E56H         LINE#         151
  C:1E56H         LINE#         152
  -------         ENDPROC       THREAD_TIMING
  -------         ENDMOD        TIMERACT

  -------         MODULE        APPTIMER
  C:0000H         SYMBOL        _ICE_DUMMY_
BL51 BANKED LINKER/LOCATER V6.22                                                      07/26/2018  09:52:52  PAGE 14


  D:0080H         PUBLIC        P0
  D:0090H         PUBLIC        P1
  D:00A0H         PUBLIC        P2
  D:00B0H         PUBLIC        P3
  D:00C0H         PUBLIC        P4
  D:00C8H         PUBLIC        P5
  D:00A8H         PUBLIC        IE
  C:1800H         PUBLIC        timer0_Rountine
  D:00B8H         PUBLIC        IP
  D:00D8H         PUBLIC        CCON
  B:0080H.1       PUBLIC        P01
  B:0090H.2       PUBLIC        P12
  D:0098H         PUBLIC        SCON
  D:0089H         PUBLIC        TMOD
  D:0088H         PUBLIC        TCON
  D:00F0H         PUBLIC        B
  D:008EH         PUBLIC        AUXR
  D:00E0H         PUBLIC        ACC
  B:00A8H.1       PUBLIC        ET0
  B:0088H.5       PUBLIC        TF0
  D:008CH         PUBLIC        TH0
  D:008AH         PUBLIC        TL0
  B:00B8H.1       PUBLIC        PT0
  B:0088H.4       PUBLIC        TR0
  C:0FE9H         PUBLIC        appTimer0_Init
  D:00D0H         PUBLIC        PSW
  -------         PROC          APPTIMER0_INIT
  C:0FE9H         LINE#         35
  C:0FE9H         LINE#         37
  C:0FECH         LINE#         38
  C:0FEFH         LINE#         39
  C:0FF2H         LINE#         40
  C:0FF5H         LINE#         41
  C:0FF7H         LINE#         42
  C:0FF9H         LINE#         43
  C:0FFBH         LINE#         45
  C:0FFDH         LINE#         46
  -------         ENDPROC       APPTIMER0_INIT
  -------         PROC          TIMER0_ROUNTINE
  -------         DO            
  C:0003H         SYMBOL        fpDetect_Period
  D:0000H         SYMBOL        fpDetect_Cnt
  C:0005H         SYMBOL        heartBeatCnt_Period
  D:0002H         SYMBOL        heartBeatCnt_Cnt
  C:0007H         SYMBOL        delayTim_Period
  D:0003H         SYMBOL        delayTim_Cnt
  C:0009H         SYMBOL        tipsInit_Period
  D:0005H         SYMBOL        tipsInit_Cnt
  -------         ENDDO         
  C:1800H         LINE#         48
  C:181DH         LINE#         63
  C:1836H         LINE#         64
  C:1836H         LINE#         66
  C:183CH         LINE#         68
  C:1840H         LINE#         70
  C:1840H         LINE#         72
  C:1843H         LINE#         74
BL51 BANKED LINKER/LOCATER V6.22                                                      07/26/2018  09:52:52  PAGE 15


  C:1843H         LINE#         76
  C:1843H         LINE#         78
  C:1843H         LINE#         79
  C:1843H         LINE#         80
  C:1843H         LINE#         83
  C:185CH         LINE#         84
  C:185CH         LINE#         86
  C:1862H         LINE#         88
  C:1867H         LINE#         90
  C:1885H         LINE#         91
  C:1885H         LINE#         93
  C:188BH         LINE#         95
  C:188EH         LINE#         97
  C:1899H         LINE#         98
  C:1899H         LINE#         99
  C:1899H         LINE#         101
  C:18A1H         LINE#         103
  C:18BFH         LINE#         104
  C:18BFH         LINE#         106
  C:18C5H         LINE#         108
  C:18C8H         LINE#         109
  C:18C8H         LINE#         110
  C:18C8H         LINE#         111
  C:18C8H         LINE#         114
  C:18DBH         LINE#         115
  C:18DBH         LINE#         117
  C:18DEH         LINE#         120
  C:18F3H         LINE#         123
  C:18FEH         LINE#         124
  C:18FEH         LINE#         127
  C:1930H         LINE#         128
  C:1930H         LINE#         130
  C:1932H         LINE#         131
  C:1932H         LINE#         134
  C:1964H         LINE#         135
  C:1964H         LINE#         137
  C:1966H         LINE#         138
  C:1966H         LINE#         142
  C:197FH         LINE#         143
  C:197FH         LINE#         145
  C:1985H         LINE#         147
  C:199AH         LINE#         148
  C:19AFH         LINE#         150
  C:19BAH         LINE#         152
  C:19CAH         LINE#         154
  C:19CCH         LINE#         156
  C:19DFH         LINE#         157
  C:19DFH         LINE#         178
  C:19FAH         LINE#         179
  C:1A02H         LINE#         180
  C:1A5BH         LINE#         182
  C:1A62H         LINE#         183
  C:1A69H         LINE#         184
  C:1A69H         LINE#         185
  -------         ENDPROC       TIMER0_ROUNTINE
  -------         ENDMOD        APPTIMER

BL51 BANKED LINKER/LOCATER V6.22                                                      07/26/2018  09:52:52  PAGE 16


  -------         MODULE        DATAMANAGE
  C:0000H         SYMBOL        _ICE_DUMMY_
  D:0080H         PUBLIC        P0
  C:2E80H         PUBLIC        MAC_ID_Relaes
  D:0090H         PUBLIC        P1
  D:00A0H         PUBLIC        P2
  D:00B0H         PUBLIC        P3
  D:00C0H         PUBLIC        P4
  D:00C8H         PUBLIC        P5
  D:00A8H         PUBLIC        IE
  C:25A3H         PUBLIC        birthDay_Judge
  D:00B8H         PUBLIC        IP
  D:00D8H         PUBLIC        CCON
  D:0098H         PUBLIC        SCON
  D:0088H         PUBLIC        TCON
  C:29D5H         PUBLIC        Factory_recover
  I:00DEH         PUBLIC        MAC_ID
  D:00F0H         PUBLIC        B
  C:2734H         SYMBOL        _?ix1000
  C:2766H         SYMBOL        _?ix1001
  C:2784H         SYMBOL        _?ix1002
  C:279CH         SYMBOL        _?ix1003
  C:27BAH         SYMBOL        _?ix1004
  D:00E0H         PUBLIC        ACC
  C:3B8FH         PUBLIC        software_Reset
  D:00D0H         PUBLIC        PSW
  -------         PROC          SOFTWARE_RESET
  C:3B8FH         LINE#         17
  C:3B8FH         LINE#         19
  C:3B94H         LINE#         21
  C:3B9BH         LINE#         22
  -------         ENDPROC       SOFTWARE_RESET
  -------         PROC          MAC_ID_RELAES
  -------         DO            
  X:0142H         SYMBOL        log_info
  D:0028H         SYMBOL        id_ptr
  -------         ENDDO         
  C:2E80H         LINE#         27
  C:2E80H         LINE#         29
  C:2E93H         LINE#         30
  C:2E99H         LINE#         32
  C:2EADH         LINE#         34
  C:2EC8H         LINE#         42
  C:2F05H         LINE#         44
  -------         ENDPROC       MAC_ID_RELAES
  -------         PROC          FACTORY_RECOVER
  -------         DO            
  X:035EH         SYMBOL        log_info
  D:0058H         SYMBOL        eeprom_buffer
  C:2798H         SYMBOL        IP_default
  -------         ENDDO         
  C:29D5H         LINE#         47
  C:29D5H         LINE#         49
  C:29E8H         LINE#         50
  C:29FBH         LINE#         53
  C:2A00H         LINE#         55
  C:2A03H         LINE#         57
BL51 BANKED LINKER/LOCATER V6.22                                                      07/26/2018  09:52:52  PAGE 17


  C:2A09H         LINE#         58
  C:2A10H         LINE#         60
  C:2A13H         LINE#         61
  C:2A26H         LINE#         62
  C:2A2DH         LINE#         64
  C:2A30H         LINE#         65
  C:2A40H         LINE#         66
  C:2A47H         LINE#         68
  C:2A56H         LINE#         69
  C:2A69H         LINE#         70
  C:2A70H         LINE#         72
  C:2A83H         LINE#         73
  C:2A96H         LINE#         74
  C:2A9DH         LINE#         76
  -------         ENDPROC       FACTORY_RECOVER
  -------         PROC          BIRTHDAY_JUDGE
  -------         DO            
  X:0142H         SYMBOL        log_info
  D:0028H         SYMBOL        eeprom_buffer
  C:27CEH         SYMBOL        IP_default
  -------         ENDDO         
  C:25A3H         LINE#         79
  C:25A3H         LINE#         81
  C:25B6H         LINE#         82
  C:25C9H         LINE#         85
  C:25D0H         LINE#         89
  C:25E3H         LINE#         90
  C:25EAH         LINE#         92
  C:25F2H         LINE#         94
  C:25F8H         LINE#         95
  C:25FFH         LINE#         97
  C:2602H         LINE#         98
  C:2615H         LINE#         99
  C:261CH         LINE#         101
  C:261FH         LINE#         102
  C:262FH         LINE#         103
  C:2636H         LINE#         105
  C:2645H         LINE#         106
  C:2658H         LINE#         107
  C:265FH         LINE#         109
  C:2672H         LINE#         110
  C:2685H         LINE#         111
  C:268CH         LINE#         113
  C:2695H         LINE#         115
  C:2697H         LINE#         117
  C:26A9H         LINE#         119
  C:26A9H         LINE#         121
  -------         ENDPROC       BIRTHDAY_JUDGE
  -------         ENDMOD        DATAMANAGE

  -------         MODULE        TIPS
  C:0000H         SYMBOL        _ICE_DUMMY_
  D:0096H         PUBLIC        P2M0
  D:0080H         PUBLIC        P0
  D:00B2H         PUBLIC        P3M0
  D:0095H         PUBLIC        P2M1
  D:0090H         PUBLIC        P1
BL51 BANKED LINKER/LOCATER V6.22                                                      07/26/2018  09:52:52  PAGE 18


  D:00B1H         PUBLIC        P3M1
  D:00A0H         PUBLIC        P2
  D:00B0H         PUBLIC        P3
  D:00C0H         PUBLIC        P4
  C:3B23H         PUBLIC        _beeps_delay
  D:00C8H         PUBLIC        P5
  C:3833H         PUBLIC        _seg_tipsShow
  D:00A8H         PUBLIC        IE
  C:3646H         PUBLIC        _beeps
  C:3A96H         PUBLIC        _beepTips_s
  D:00B8H         PUBLIC        IP
  C:30D3H         PUBLIC        spect
  D:00D8H         PUBLIC        CCON
  B:00A0H.0       PUBLIC        P20
  B:00A0H.1       PUBLIC        P21
  B:00A0H.2       PUBLIC        P22
  D:0098H         PUBLIC        SCON
  B:00B0H.2       PUBLIC        P32
  B:00A0H.3       PUBLIC        P23
  D:0088H         PUBLIC        TCON
  C:39FBH         PUBLIC        tips_Init
  B:00A0H.7       PUBLIC        P27
  C:3BE7H         PUBLIC        pinBeep_Init
  C:3256H         PUBLIC        _beepTips
  D:00F0H         PUBLIC        B
  C:30C4H         PUBLIC        spect_len
  D:00E0H         PUBLIC        ACC
  C:31D2H         PUBLIC        _powerTips
  C:3BC9H         PUBLIC        pinLed_Init
  D:001FH         PUBLIC        dev_tipsMode
  D:00D0H         PUBLIC        PSW
  C:352DH         PUBLIC        tips_initCmp
  -------         PROC          PINLED_INIT
  C:3BC9H         LINE#         27
  C:3BC9H         LINE#         30
  C:3BCCH         LINE#         31
  C:3BCFH         LINE#         34
  C:3BD2H         LINE#         35
  C:3BD5H         LINE#         36
  -------         ENDPROC       PINLED_INIT
  -------         PROC          PINBEEP_INIT
  C:3BE7H         LINE#         38
  C:3BE7H         LINE#         41
  C:3BEAH         LINE#         42
  C:3BEDH         LINE#         43
  -------         ENDPROC       PINBEEP_INIT
  -------         PROC          _BEEPS_DELAY
  D:0006H         SYMBOL        cnt
  C:3B23H         LINE#         45
  C:3B23H         LINE#         47
  C:3B2CH         LINE#         49
  C:3B33H         LINE#         50
  C:3B35H         LINE#         51
  -------         ENDPROC       _BEEPS_DELAY
  -------         PROC          _POWERTIPS
  D:0024H         SYMBOL        tips_val
  C:31D2H         LINE#         53
BL51 BANKED LINKER/LOCATER V6.22                                                      07/26/2018  09:52:52  PAGE 19


  C:31DAH         LINE#         55
  C:31DDH         LINE#         56
  C:31F5H         LINE#         57
  C:320DH         LINE#         58
  C:3225H         LINE#         59
  C:323DH         LINE#         60
  C:3255H         LINE#         61
  -------         ENDPROC       _POWERTIPS
  -------         PROC          _SEG_TIPSSHOW
  D:0007H         SYMBOL        dats
  C:3833H         LINE#         63
  C:3833H         LINE#         65
  C:383DH         LINE#         66
  C:3847H         LINE#         67
  C:3851H         LINE#         68
  C:385BH         LINE#         69
  C:3864H         LINE#         70
  -------         ENDPROC       _SEG_TIPSSHOW
  -------         PROC          TIPS_INIT
  -------         DO            
  D:001DH         SYMBOL        tips_data
  D:001EH         SYMBOL        loop
  B:0022H.6       SYMBOL        tips_flg
  -------         ENDDO         
  C:39FBH         LINE#         72
  C:39FBH         LINE#         78
  C:3A08H         LINE#         79
  C:3A08H         LINE#         81
  C:3A0AH         LINE#         83
  C:3A10H         LINE#         85
  C:3A15H         LINE#         87
  C:3A1BH         LINE#         88
  C:3A1BH         LINE#         89
  -------         ENDPROC       TIPS_INIT
  -------         PROC          TIPS_INITCMP
  C:352DH         LINE#         91
  C:352DH         LINE#         93
  C:3532H         LINE#         94
  C:3539H         LINE#         95
  C:353EH         LINE#         96
  C:3545H         LINE#         97
  C:354AH         LINE#         98
  C:3551H         LINE#         99
  C:3556H         LINE#         100
  C:355DH         LINE#         101
  C:3562H         LINE#         102
  C:3569H         LINE#         103
  C:356EH         LINE#         104
  C:3575H         LINE#         105
  C:357AH         LINE#         106
  -------         ENDPROC       TIPS_INITCMP
  -------         PROC          _BEEPTIPS
  D:0007H         SYMBOL        tones
  D:0004H         SYMBOL        time
  D:002DH         SYMBOL        vol
  -------         DO            
  D:002EH         SYMBOL        vol_fa
BL51 BANKED LINKER/LOCATER V6.22                                                      07/26/2018  09:52:52  PAGE 20


  D:002FH         SYMBOL        tones_base
  D:0031H         SYMBOL        cycle
  D:0002H         SYMBOL        loop
  -------         ENDDO         
  C:3256H         LINE#         109
  C:3258H         LINE#         111
  C:325BH         LINE#         112
  C:326AH         LINE#         113
  C:3280H         LINE#         116
  C:328CH         LINE#         118
  C:328EH         LINE#         119
  C:32A4H         LINE#         120
  C:32A6H         LINE#         121
  C:32C2H         LINE#         122
  C:32C9H         LINE#         123
  -------         ENDPROC       _BEEPTIPS
  -------         PROC          _BEEPTIPS_S
  D:002BH         SYMBOL        tones
  D:0004H         SYMBOL        time
  D:002CH         SYMBOL        vol
  -------         DO            
  D:0001H         SYMBOL        loop
  -------         ENDDO         
  C:3A96H         LINE#         125
  C:3A9AH         LINE#         127
  C:3A9EH         LINE#         129
  C:3AAFH         LINE#         130
  -------         ENDPROC       _BEEPTIPS_S
  -------         PROC          _BEEPS
  D:0029H         SYMBOL        num
  -------         DO            
  D:002AH         SYMBOL        loop
  -------         ENDDO         
  C:3646H         LINE#         132
  C:3648H         LINE#         136
  C:3658H         LINE#         137
  C:3682H         LINE#         138
  -------         ENDPROC       _BEEPS
  -------         ENDMOD        TIPS

  -------         MODULE        USRKIN
  C:0000H         SYMBOL        _ICE_DUMMY_
  D:0096H         PUBLIC        P2M0
  D:0080H         PUBLIC        P0
  D:0095H         PUBLIC        P2M1
  D:0090H         PUBLIC        P1
  D:00A0H         PUBLIC        P2
  D:00B0H         PUBLIC        P3
  D:00C0H         PUBLIC        P4
  D:00C8H         PUBLIC        P5
  B:0021H.4       PUBLIC        usrKeyCount_EN
  D:00A8H         PUBLIC        IE
  I:00E4H         PUBLIC        usrKeyCount
  D:00B8H         PUBLIC        IP
  D:00D8H         PUBLIC        CCON
  C:0056H         PUBLIC        fun_kLong
  C:3C03H         PUBLIC        fun_kShort
BL51 BANKED LINKER/LOCATER V6.22                                                      07/26/2018  09:52:52  PAGE 21


  C:2C04H         PUBLIC        _UsrKEYScan
  D:0098H         PUBLIC        SCON
  D:0088H         PUBLIC        TCON
  B:00A0H.5       PUBLIC        P25
  C:3BEEH         PUBLIC        usrKin_pinInit
  D:00F0H         PUBLIC        B
  D:00E0H         PUBLIC        ACC
  C:3C08H         PUBLIC        UsrKEYScan_oneShoot
  B:00A0H.4       PUBLIC        Usr_key
  D:00D0H         PUBLIC        PSW
  -------         PROC          USRKIN_PININIT
  C:3BEEH         LINE#         18
  C:3BEEH         LINE#         23
  C:3BF1H         LINE#         24
  C:3BF4H         LINE#         25
  -------         ENDPROC       USRKIN_PININIT
  -------         PROC          USRKEYSCAN_ONESHOOT
  C:3C08H         LINE#         27
  C:3C08H         LINE#         29
  C:3C0AH         LINE#         30
  -------         ENDPROC       USRKEYSCAN_ONESHOOT
  -------         PROC          _USRKEYSCAN
  D:0028H         SYMBOL        funCB_Short
  D:002BH         SYMBOL        funCB_LongA
  D:002EH         SYMBOL        funCB_LongB
  -------         DO            
  C:3BDFH         SYMBOL        keyCfrmLoop_Short
  C:3BE1H         SYMBOL        keyCfrmLoop_LongA
  C:3BE3H         SYMBOL        keyCfrmLoop_LongB
  C:3BE5H         SYMBOL        keyCfrmLoop_MAX
  B:0021H.1       SYMBOL        LongA_FLG
  B:0021H.2       SYMBOL        LongB_FLG
  B:0021H.3       SYMBOL        keyPress_FLG
  -------         ENDDO         
  C:2C04H         LINE#         32
  C:2C0AH         LINE#         44
  C:2C0FH         LINE#         46
  C:2C11H         LINE#         48
  C:2C16H         LINE#         50
  C:2C3AH         LINE#         52
  C:2C41H         LINE#         54
  C:2C43H         LINE#         55
  C:2C43H         LINE#         57
  C:2C67H         LINE#         59
  C:2C6EH         LINE#         61
  C:2C70H         LINE#         62
  C:2C70H         LINE#         64
  C:2C71H         LINE#         66
  C:2C73H         LINE#         68
  C:2C76H         LINE#         70
  C:2C78H         LINE#         72
  C:2C9FH         LINE#         74
  C:2CA5H         LINE#         75
  C:2CA7H         LINE#         76
  C:2CA9H         LINE#         77
  C:2CA9H         LINE#         78
  C:2CA9H         LINE#         79
BL51 BANKED LINKER/LOCATER V6.22                                                      07/26/2018  09:52:52  PAGE 22


  -------         ENDPROC       _USRKEYSCAN
  -------         PROC          FUN_KLONG
  C:0056H         LINE#         81
  C:0056H         LINE#         83
  C:0058H         LINE#         84
  -------         ENDPROC       FUN_KLONG
  -------         PROC          FUN_KSHORT
  C:3C03H         LINE#         87
  C:3C03H         LINE#         89
  -------         ENDPROC       FUN_KSHORT
  -------         ENDMOD        USRKIN

  -------         MODULE        DATATRANS
  C:0000H         SYMBOL        _ICE_DUMMY_
  D:0080H         PUBLIC        P0
  D:0090H         PUBLIC        P1
  D:00A0H         PUBLIC        P2
  D:00B0H         PUBLIC        P3
  C:32CAH         PUBLIC        uartObjWIFI_Init
  D:00C0H         PUBLIC        P4
  C:1000H         PUBLIC        thread_dataTrans
  C:3B36H         PUBLIC        rxBuff_WIFI_Clr
  D:00C8H         PUBLIC        P5
  B:00A8H.7       PUBLIC        EA
  D:00A2H         PUBLIC        P_SW1
  D:00A8H         PUBLIC        IE
  B:00A8H.4       PUBLIC        ES
  D:00B8H         PUBLIC        IP
  B:0022H.4       PUBLIC        heartBeat_Type
  B:0098H.0       PUBLIC        RI
  D:000CH         PUBLIC        heartBeat_Cnt
  B:0098H.1       PUBLIC        TI
  B:00B8H.4       PUBLIC        PS
  D:00D8H         PUBLIC        CCON
  C:333DH         PUBLIC        UART1_Rountine
  D:0099H         PUBLIC        SBUF
  X:0380H         PUBLIC        repeatTX_Len
  D:0098H         PUBLIC        SCON
  D:0088H         PUBLIC        TCON
  D:00AFH         PUBLIC        IE2
  D:00F0H         PUBLIC        B
  D:008EH         PUBLIC        AUXR
  C:2064H         SYMBOL        _?ix1000
  C:2084H         SYMBOL        _?ix1001
  D:0010H         PUBLIC        WIFI_Uart_RcvMode
  C:20A4H         SYMBOL        _?ix1002
  C:20F4H         SYMBOL        _?ix1003
  C:2121H         SYMBOL        _?ix1004
  D:0011H         PUBLIC        swStatus_fromUsr
  D:00E0H         PUBLIC        ACC
  C:214EH         SYMBOL        _?ix1005
  C:215CH         SYMBOL        _?ix1006
  C:2160H         SYMBOL        _?ix1007
  C:2167H         SYMBOL        _?ix1008
  D:00D6H         PUBLIC        TH2
  C:386CH         PUBLIC        _frame_Check
  D:00D7H         PUBLIC        TL2
BL51 BANKED LINKER/LOCATER V6.22                                                      07/26/2018  09:52:52  PAGE 23


  C:3C0EH         PUBLIC        _uartObjWIFI_Send_String
  D:0012H         PUBLIC        heartBeat_Period
  C:2443H         PUBLIC        _dtasTX_loadBasic_AUTO
  C:22DEH         PUBLIC        _dtasTX_loadBasic_CUST
  D:0016H         PUBLIC        Dst_MACID_Temp
  B:0098H.4       PUBLIC        REN
  C:3C0BH         PUBLIC        _uartObjWIFI_Send_Byte
  D:001CH         PUBLIC        dataTrans_objWIFI
  D:00D0H         PUBLIC        PSW
  B:0022H.5       PUBLIC        deviceLock_flag
  -------         PROC          UARTOBJWIFI_INIT
  -------         DO            
  D:0028H         SYMBOL        j
  -------         ENDDO         
  C:32CAH         LINE#         67
  C:32CAH         LINE#         69
  C:32CCH         LINE#         71
  C:32CEH         LINE#         72
  C:32D6H         LINE#         74
  C:32D6H         LINE#         75
  C:32E1H         LINE#         76
  C:32F6H         LINE#         78
  C:3304H         LINE#         79
  C:3307H         LINE#         80
  C:3307H         LINE#         81
  C:330AH         LINE#         82
  C:330DH         LINE#         83
  C:3310H         LINE#         84
  C:3313H         LINE#         86
  C:3316H         LINE#         87
  C:3319H         LINE#         88
  C:331CH         LINE#         90
  C:331EH         LINE#         91
  C:3320H         LINE#         92
  C:3323H         LINE#         94
  C:3332H         LINE#         96
  C:3334H         LINE#         119
  -------         ENDPROC       UARTOBJWIFI_INIT
  -------         PROC          _UARTOBJWIFI_SEND_BYTE
  D:0007H         SYMBOL        dat
  C:3C0BH         LINE#         125
  C:3C0BH         LINE#         126
  C:3C0BH         LINE#         127
  -------         ENDPROC       _UARTOBJWIFI_SEND_BYTE
  -------         PROC          _UARTOBJWIFI_SEND_STRING
  D:0001H         SYMBOL        s
  D:0005H         SYMBOL        ucLength
  C:3C0EH         LINE#         130
  C:3C0EH         LINE#         132
  -------         ENDPROC       _UARTOBJWIFI_SEND_STRING
  -------         PROC          RXBUFF_WIFI_CLR
  C:3B36H         LINE#         135
  C:3B36H         LINE#         137
  C:3B45H         LINE#         138
  C:3B48H         LINE#         139
  -------         ENDPROC       RXBUFF_WIFI_CLR
  -------         PROC          L?0151
BL51 BANKED LINKER/LOCATER V6.22                                                      07/26/2018  09:52:52  PAGE 24


  -------         ENDPROC       L?0151
  -------         PROC          _FRAME_CHECK
  D:007CH         SYMBOL        frame_temp
  D:0005H         SYMBOL        check_num
  -------         DO            
  D:0007H         SYMBOL        loop
  D:0006H         SYMBOL        val_Check
  -------         ENDDO         
  C:386CH         LINE#         142
  C:3872H         LINE#         144
  C:3874H         LINE#         145
  C:3875H         LINE#         147
  C:387AH         LINE#         149
  C:388AH         LINE#         150
  C:388DH         LINE#         152
  C:3890H         LINE#         153
  C:3893H         LINE#         155
  C:3895H         LINE#         156
  -------         ENDPROC       _FRAME_CHECK
  -------         PROC          _DTASTX_LOADBASIC_AUTO
  D:0000H         SYMBOL        dats_Tx
  D:0003H         SYMBOL        frame_Type
  D:0004H         SYMBOL        frame_CMD
  B:0022H.7       SYMBOL        ifSpecial_CMD
  -------         DO            
  X:031EH         SYMBOL        datsTemp
  -------         ENDDO         
  C:2443H         LINE#         159
  C:244BH         LINE#         162
  C:244BH         LINE#         164
  C:2457H         LINE#         167
  C:2457H         LINE#         169
  C:246AH         LINE#         171
  C:2475H         LINE#         173
  C:248DH         LINE#         174
  C:24A7H         LINE#         175
  C:24C1H         LINE#         176
  C:24DBH         LINE#         178
  C:24E9H         LINE#         179
  C:24F1H         LINE#         180
  C:24F9H         LINE#         182
  C:250AH         LINE#         184
  C:2524H         LINE#         186
  C:2536H         LINE#         188
  C:2538H         LINE#         191
  C:2538H         LINE#         193
  C:2543H         LINE#         195
  C:2551H         LINE#         196
  C:2559H         LINE#         197
  C:2561H         LINE#         199
  C:2572H         LINE#         201
  C:258CH         LINE#         203
  C:25A2H         LINE#         204
  C:25A2H         LINE#         206
  C:25A2H         LINE#         207
  C:25A2H         LINE#         208
  -------         ENDPROC       _DTASTX_LOADBASIC_AUTO
BL51 BANKED LINKER/LOCATER V6.22                                                      07/26/2018  09:52:52  PAGE 25


  -------         PROC          _DTASTX_LOADBASIC_CUST
  D:0007H         SYMBOL        obj_custom
  D:0001H         SYMBOL        dats_Tx
  D:0004H         SYMBOL        frame_Type
  D:0005H         SYMBOL        frame_CMD
  B:0023H.0       SYMBOL        ifSpecial_CMD
  -------         DO            
  X:033EH         SYMBOL        datsTemp
  -------         ENDDO         
  C:22DEH         LINE#         211
  C:22E4H         LINE#         215
  C:22E4H         LINE#         217
  C:22E9H         LINE#         220
  C:22E9H         LINE#         222
  C:22FCH         LINE#         224
  C:2307H         LINE#         226
  C:231FH         LINE#         227
  C:2339H         LINE#         228
  C:2353H         LINE#         229
  C:236DH         LINE#         231
  C:237BH         LINE#         232
  C:2383H         LINE#         233
  C:238BH         LINE#         235
  C:239CH         LINE#         237
  C:23B6H         LINE#         239
  C:23CFH         LINE#         241
  C:23D1H         LINE#         244
  C:23D1H         LINE#         246
  C:23D1H         LINE#         248
  C:23DCH         LINE#         250
  C:23EAH         LINE#         251
  C:23F2H         LINE#         252
  C:23FAH         LINE#         254
  C:240BH         LINE#         256
  C:2425H         LINE#         258
  C:2442H         LINE#         259
  C:2442H         LINE#         260
  C:2442H         LINE#         261
  -------         ENDPROC       _DTASTX_LOADBASIC_CUST
  -------         PROC          UART1_ROUNTINE
  C:333DH         LINE#         264
  C:334AH         LINE#         267
  C:334CH         LINE#         269
  C:334FH         LINE#         270
  C:334FH         LINE#         271
  C:3351H         LINE#         272
  C:3355H         LINE#         273
  C:3355H         LINE#         275
  C:3355H         LINE#         277
  C:3355H         LINE#         280
  C:3355H         LINE#         282
  C:3355H         LINE#         285
  C:3355H         LINE#         287
  C:3355H         LINE#         288
  C:3355H         LINE#         290
  C:335FH         LINE#         291
  C:3370H         LINE#         292
BL51 BANKED LINKER/LOCATER V6.22                                                      07/26/2018  09:52:52  PAGE 26


  C:3373H         LINE#         293
  C:3373H         LINE#         294
  C:3373H         LINE#         296
  C:3376H         LINE#         297
  C:3376H         LINE#         298
  C:3378H         LINE#         299
  C:337EH         LINE#         300
  C:337EH         LINE#         301
  C:338CH         LINE#         302
  C:3398H         LINE#         303
  C:339AH         LINE#         304
  C:339DH         LINE#         305
  C:339DH         LINE#         307
  C:339FH         LINE#         308
  -------         ENDPROC       UART1_ROUNTINE
  -------         PROC          THREAD_DATATRANS
  -------         DO            
  D:006CH         SYMBOL        frameFun_Dats_KEY
  D:0009H         SYMBOL        timeZone_Hour
  D:000AH         SYMBOL        timeZone_Minute
  X:0216H         SYMBOL        log_info
  X:0266H         SYMBOL        repeatTX_buff
  X:0293H         SYMBOL        rxBuff_WIFI_temp
  D:006DH         SYMBOL        ptr
  D:0070H         SYMBOL        frameLength
  B:0021H.5       SYMBOL        datsQualified_FLG
  B:0021H.6       SYMBOL        Parsing_EN
  X:02C0H         SYMBOL        heartBeat_Pack
  D:000BH         SYMBOL        elec_Consum_moment
  -------         DO            
  B:0021H.7       SYMBOL        specialCmd_FLAG
  B:0022H.0       SYMBOL        respond_FLAG
  D:0071H         SYMBOL        cmdParing_Temp
  -------         DO            
  D:0072H         SYMBOL        deviceLock_IF
  D:0072H         SYMBOL        deviceLock_IF
  D:0072H         SYMBOL        loop
  D:0073H         SYMBOL        datsTime_temp
  -------         DO            
  X:0212H         SYMBOL        serverIP_temp
  -------         ENDDO         
  -------         ENDDO         
  -------         DO            
  D:0072H         SYMBOL        deviceLock_IF
  D:0072H         SYMBOL        loop
  D:0073H         SYMBOL        datsTime_temp
  -------         ENDDO         
  -------         DO            
  D:0072H         SYMBOL        loop
  D:0073H         SYMBOL        datsTime_temp
  -------         ENDDO         
  -------         DO            
  D:0072H         SYMBOL        deviceLock_IF
  D:0072H         SYMBOL        deviceLock_IF
  -------         ENDDO         
  -------         DO            
  D:0072H         SYMBOL        deviceLock_IF
BL51 BANKED LINKER/LOCATER V6.22                                                      07/26/2018  09:52:52  PAGE 27


  -------         ENDDO         
  -------         DO            
  D:0072H         SYMBOL        loop
  -------         ENDDO         
  -------         ENDDO         
  -------         DO            
  D:0071H         SYMBOL        datsTime_temp
  D:0078H         SYMBOL        Y
  D:0079H         SYMBOL        M
  D:007AH         SYMBOL        D
  D:007BH         SYMBOL        W
  -------         ENDDO         
  -------         DO            
  D:0008H         SYMBOL        test_timeZone_Hour
  D:0071H         SYMBOL        integer_prt
  D:0073H         SYMBOL        decimal_prt
  D:0071H         SYMBOL        integer_prt
  D:0073H         SYMBOL        decimal_prt
  -------         ENDDO         
  -------         DO            
  D:0071H         SYMBOL        integer_prt
  D:0073H         SYMBOL        decimal_prt
  D:0071H         SYMBOL        integer_prt
  D:0073H         SYMBOL        decimal_prt
  -------         ENDDO         
  -------         DO            
  D:0071H         SYMBOL        integer_prt
  D:0073H         SYMBOL        decimal_prt
  -------         ENDDO         
  -------         ENDDO         
  C:1000H         LINE#         311
  C:1000H         LINE#         313
  C:1003H         LINE#         318
  C:1015H         LINE#         320
  C:1028H         LINE#         321
  C:103BH         LINE#         323
  C:1044H         LINE#         324
  C:1047H         LINE#         326
  C:1049H         LINE#         327
  C:104BH         LINE#         329
  C:105DH         LINE#         334
  C:1060H         LINE#         335
  C:107DH         LINE#         336
  C:1082H         LINE#         338
  C:108AH         LINE#         339
  C:1094H         LINE#         340
  C:1094H         LINE#         342
  C:10A8H         LINE#         345
  C:10B2H         LINE#         346
  C:10B2H         LINE#         348
  C:10B2H         LINE#         349
  C:10B2H         LINE#         350
  C:10B4H         LINE#         356
  C:10B7H         LINE#         357
  C:10D4H         LINE#         358
  C:10D9H         LINE#         360
  C:10E1H         LINE#         361
BL51 BANKED LINKER/LOCATER V6.22                                                      07/26/2018  09:52:52  PAGE 28


  C:10E5H         LINE#         363
  C:10F6H         LINE#         366
  C:1105H         LINE#         367
  C:1108H         LINE#         369
  C:110AH         LINE#         370
  C:110AH         LINE#         371
  C:110CH         LINE#         373
  C:1130H         LINE#         374
  C:1130H         LINE#         375
  C:1130H         LINE#         376
  C:1130H         LINE#         379
  C:1135H         LINE#         381
  C:1137H         LINE#         383
  C:1158H         LINE#         384
  C:116CH         LINE#         385
  C:117BH         LINE#         387
  C:118BH         LINE#         389
  C:118BH         LINE#         391
  C:1192H         LINE#         393
  C:1192H         LINE#         394
  C:1192H         LINE#         395
  C:1192H         LINE#         397
  C:1194H         LINE#         399
  C:11A6H         LINE#         401
  C:11ADH         LINE#         403
  C:11ADH         LINE#         404
  C:11ADH         LINE#         405
  C:11ADH         LINE#         407
  C:11AFH         LINE#         409
  C:11C5H         LINE#         411
  C:11C8H         LINE#         412
  C:11CDH         LINE#         413
  C:11CDH         LINE#         414
  C:11CDH         LINE#         415
  C:11CDH         LINE#         416
  C:11CDH         LINE#         417
  C:11CDH         LINE#         418
  C:11CFH         LINE#         420
  C:11CFH         LINE#         422
  C:11E5H         LINE#         425
  C:11E7H         LINE#         426
  C:11EDH         LINE#         427
  C:11EFH         LINE#         428
  C:11EFH         LINE#         429
  C:11F1H         LINE#         431
  C:11F1H         LINE#         433
  C:1207H         LINE#         436
  C:120AH         LINE#         437
  C:120CH         LINE#         438
  C:120CH         LINE#         439
  C:120EH         LINE#         441
  C:120EH         LINE#         443
  C:1211H         LINE#         444
  C:1213H         LINE#         445
  C:1213H         LINE#         446
  C:1213H         LINE#         447
  C:1213H         LINE#         450
BL51 BANKED LINKER/LOCATER V6.22                                                      07/26/2018  09:52:52  PAGE 29


  C:1218H         LINE#         452
  C:121AH         LINE#         454
  C:1221H         LINE#         456
  C:1231H         LINE#         459
  C:1231H         LINE#         461
  C:1244H         LINE#         462
  C:1257H         LINE#         464
  C:1257H         LINE#         467
  C:1257H         LINE#         469
  C:1259H         LINE#         470
  C:125BH         LINE#         472
  C:1261H         LINE#         474
  C:1298H         LINE#         477
  C:1298H         LINE#         479
  C:12A2H         LINE#         481
  C:12A2H         LINE#         483
  C:12A5H         LINE#         484
  C:12A7H         LINE#         486
  C:12A7H         LINE#         488
  C:12AAH         LINE#         489
  C:12AAH         LINE#         491
  C:12AAH         LINE#         492
  C:12AAH         LINE#         494
  C:12B2H         LINE#         496
  C:12B4H         LINE#         499
  C:12B4H         LINE#         501
  C:12B7H         LINE#         503
  C:12C7H         LINE#         506
  C:12CDH         LINE#         508
  C:12DFH         LINE#         509
  C:12F2H         LINE#         512
  C:12FBH         LINE#         515
  C:12FBH         LINE#         518
  C:12FBH         LINE#         521
  C:1301H         LINE#         522
  C:1305H         LINE#         523
  C:1318H         LINE#         524
  C:1326H         LINE#         526
  C:1328H         LINE#         529
  C:1328H         LINE#         531
  C:1328H         LINE#         534
  C:1328H         LINE#         536
  C:132BH         LINE#         538
  C:133BH         LINE#         540
  C:133DH         LINE#         544
  C:133FH         LINE#         551
  C:133FH         LINE#         553
  C:1342H         LINE#         556
  C:1353H         LINE#         558
  C:1359H         LINE#         559
  C:135DH         LINE#         560
  C:1361H         LINE#         561
  C:1365H         LINE#         562
  C:1368H         LINE#         563
  C:136CH         LINE#         564
  C:1370H         LINE#         566
  C:1386H         LINE#         569
BL51 BANKED LINKER/LOCATER V6.22                                                      07/26/2018  09:52:52  PAGE 30


  C:1399H         LINE#         571
  C:1399H         LINE#         573
  C:139CH         LINE#         575
  C:13AFH         LINE#         577
  C:13BEH         LINE#         578
  C:13EAH         LINE#         579
  C:13EAH         LINE#         580
  C:13F1H         LINE#         581
  C:13FFH         LINE#         583
  C:1401H         LINE#         585
  C:1401H         LINE#         587
  C:1407H         LINE#         589
  C:140AH         LINE#         590
  C:140CH         LINE#         591
  C:1412H         LINE#         592
  C:1413H         LINE#         593
  C:1415H         LINE#         595
  C:1418H         LINE#         596
  C:141BH         LINE#         597
  C:141FH         LINE#         598
  C:141FH         LINE#         599
  C:1421H         LINE#         601
  C:1421H         LINE#         603
  C:1427H         LINE#         605
  C:142AH         LINE#         606
  C:142CH         LINE#         607
  C:142DH         LINE#         608
  C:142FH         LINE#         610
  C:1432H         LINE#         611
  C:1435H         LINE#         612
  C:1439H         LINE#         613
  C:1439H         LINE#         615
  C:144CH         LINE#         616
  C:145FH         LINE#         618
  C:145FH         LINE#         620
  C:145FH         LINE#         621
  C:145FH         LINE#         624
  C:1467H         LINE#         625
  C:146FH         LINE#         627
  C:1471H         LINE#         630
  C:1471H         LINE#         633
  C:1471H         LINE#         636
  C:1471H         LINE#         639
  C:1471H         LINE#         642
  C:1471H         LINE#         645
  C:1471H         LINE#         646
  C:1474H         LINE#         648
  C:1476H         LINE#         649
  C:1486H         LINE#         650
  C:1486H         LINE#         651
  C:1488H         LINE#         654
  C:1488H         LINE#         657
  C:1488H         LINE#         658
  C:148BH         LINE#         660
  C:148DH         LINE#         661
  C:149DH         LINE#         662
  C:149DH         LINE#         663
BL51 BANKED LINKER/LOCATER V6.22                                                      07/26/2018  09:52:52  PAGE 31


  C:149FH         LINE#         666
  C:149FH         LINE#         668
  C:14A7H         LINE#         669
  C:14AFH         LINE#         672
  C:14BDH         LINE#         674
  C:14BDH         LINE#         676
  C:14C0H         LINE#         679
  C:14D1H         LINE#         682
  C:14D4H         LINE#         684
  C:14EAH         LINE#         686
  C:14FDH         LINE#         687
  C:14FDH         LINE#         688
  C:1504H         LINE#         690
  C:1506H         LINE#         692
  C:1508H         LINE#         694
  C:1508H         LINE#         696
  C:151BH         LINE#         697
  C:1521H         LINE#         698
  C:1523H         LINE#         700
  C:1523H         LINE#         702
  C:1529H         LINE#         703
  C:1529H         LINE#         705
  C:1529H         LINE#         706
  C:1529H         LINE#         707
  C:1529H         LINE#         710
  C:1529H         LINE#         713
  C:1529H         LINE#         716
  C:1529H         LINE#         719
  C:1529H         LINE#         722
  C:1529H         LINE#         725
  C:1529H         LINE#         728
  C:1529H         LINE#         731
  C:1529H         LINE#         734
  C:1529H         LINE#         737
  C:1529H         LINE#         739
  C:1529H         LINE#         740
  C:1529H         LINE#         742
  C:152CH         LINE#         744
  C:153EH         LINE#         749
  C:154CH         LINE#         750
  C:154CH         LINE#         752
  C:1564H         LINE#         753
  C:1569H         LINE#         756
  C:156BH         LINE#         759
  C:156BH         LINE#         761
  C:1575H         LINE#         763
  C:1575H         LINE#         766
  C:1575H         LINE#         768
  C:1575H         LINE#         770
  C:1588H         LINE#         772
  C:158EH         LINE#         773
  C:1592H         LINE#         774
  C:1596H         LINE#         775
  C:15B9H         LINE#         776
  C:15C0H         LINE#         778
  C:15C3H         LINE#         779
  C:15C6H         LINE#         780
BL51 BANKED LINKER/LOCATER V6.22                                                      07/26/2018  09:52:52  PAGE 32


  C:15C9H         LINE#         781
  C:15CDH         LINE#         782
  C:15D1H         LINE#         783
  C:15D5H         LINE#         785
  C:15E0H         LINE#         787
  C:15F6H         LINE#         789
  C:1608H         LINE#         790
  C:1608H         LINE#         792
  C:1608H         LINE#         793
  C:1608H         LINE#         795
  C:161CH         LINE#         796
  C:162BH         LINE#         797
  C:162BH         LINE#         799
  C:162BH         LINE#         800
  C:162BH         LINE#         801
  C:162BH         LINE#         804
  C:1643H         LINE#         805
  C:1643H         LINE#         807
  C:164CH         LINE#         809
  C:1659H         LINE#         811
  C:165FH         LINE#         812
  C:1663H         LINE#         814
  C:1668H         LINE#         816
  C:166AH         LINE#         818
  C:166EH         LINE#         819
  C:1681H         LINE#         827
  C:1681H         LINE#         831
  C:168CH         LINE#         832
  C:168CH         LINE#         834
  C:168FH         LINE#         835
  C:168FH         LINE#         837
  C:1695H         LINE#         838
  C:1698H         LINE#         839
  C:1698H         LINE#         841
  C:1698H         LINE#         843
  C:16A5H         LINE#         844
  C:16D7H         LINE#         846
  C:16DDH         LINE#         847
  C:16E0H         LINE#         848
  C:16E4H         LINE#         849
  C:16E4H         LINE#         851
  C:16E4H         LINE#         853
  C:16F0H         LINE#         854
  C:1722H         LINE#         856
  C:1728H         LINE#         857
  C:172CH         LINE#         858
  C:1730H         LINE#         859
  C:1734H         LINE#         860
  C:1734H         LINE#         862
  C:1738H         LINE#         864
  C:173AH         LINE#         866
  C:173CH         LINE#         868
  C:1742H         LINE#         869
  C:1755H         LINE#         871
  C:175DH         LINE#         872
  C:1763H         LINE#         873
  C:1769H         LINE#         874
BL51 BANKED LINKER/LOCATER V6.22                                                      07/26/2018  09:52:52  PAGE 33


  C:1769H         LINE#         876
  C:176FH         LINE#         877
  C:1773H         LINE#         879
  C:177EH         LINE#         880
  C:177EH         LINE#         881
  -------         ENDPROC       THREAD_DATATRANS
  -------         ENDMOD        DATATRANS

  -------         MODULE        HW8012
  C:0000H         SYMBOL        _ICE_DUMMY_
  D:0093H         PUBLIC        P0M1
  D:0080H         PUBLIC        P0
  D:00B2H         PUBLIC        P3M0
  D:0090H         PUBLIC        P1
  D:00B1H         PUBLIC        P3M1
  D:00A0H         PUBLIC        P2
  D:00B0H         PUBLIC        P3
  D:00C0H         PUBLIC        P4
  D:00C8H         PUBLIC        P5
  D:00A8H         PUBLIC        IE
  C:1E57H         PUBLIC        elecParamLog_thread
  D:00B8H         PUBLIC        IP
  C:3AB0H         PUBLIC        intMeasure_Init
  I:00ACH         PUBLIC        pinFP_volXcurCNT
  D:00D8H         PUBLIC        CCON
  C:3AC9H         PUBLIC        Ext_INT2
  B:0080H.1       PUBLIC        P01
  C:3AE1H         PUBLIC        Ext_INT3
  D:0098H         PUBLIC        SCON
  D:0088H         PUBLIC        TCON
  I:00AEH         PUBLIC        pinFP_volXcur
  D:00F0H         PUBLIC        B
  D:00E0H         PUBLIC        ACC
  I:00B0H         PUBLIC        pinFP_powerCNT
  B:00B8H.0       PUBLIC        PX0
  B:00B8H.2       PUBLIC        PX1
  I:00B2H         PUBLIC        paramElec_Param
  I:00BEH         PUBLIC        pinFP_power
  I:00C0H         PUBLIC        elec_Consum
  D:008FH         PUBLIC        INT_CLKO
  D:00D0H         PUBLIC        PSW
  D:0094H         PUBLIC        P0M0
  -------         PROC          INTMEASURE_INIT
  C:3AB0H         LINE#         27
  C:3AB0H         LINE#         30
  C:3AB3H         LINE#         31
  C:3AB6H         LINE#         34
  C:3AB9H         LINE#         35
  C:3ABCH         LINE#         37
  C:3ABFH         LINE#         38
  C:3AC2H         LINE#         40
  C:3AC6H         LINE#         42
  C:3AC8H         LINE#         43
  -------         ENDPROC       INTMEASURE_INIT
  -------         PROC          EXT_INT2
  C:3AC9H         LINE#         46
[...]
  C:02FCH         PUBLIC        ?C?FPCMP3
  -------         ENDMOD        ?C?FPCMP

  -------         MODULE        ?C?FCAST
  C:037FH         PUBLIC        ?C?FCASTC
  C:037AH         PUBLIC        ?C?FCASTI
  C:0375H         PUBLIC        ?C?FCASTL
  -------         ENDMOD        ?C?FCAST

  -------         MODULE        ?C?CASTF
  C:03B3H         PUBLIC        ?C?CASTF
  -------         ENDMOD        ?C?CASTF

  -------         MODULE        PRINTF
  D:003CH         PUBLIC        ?_PRINTF?BYTE
  D:003CH         PUBLIC        ?_SPRINTF?BYTE
  C:0B25H         PUBLIC        _PRINTF
  C:0B1FH         PUBLIC        _SPRINTF
  -------         ENDMOD        PRINTF

  -------         MODULE        ?C?FPROUND
  C:0434H         PUBLIC        ?C?FPROUND
  -------         ENDMOD        ?C?FPROUND

  -------         MODULE        ?C?FPCONVERT
  C:0463H         PUBLIC        ?C?FPCONVERT
  -------         ENDMOD        ?C?FPCONVERT

  -------         MODULE        ?C?FTNPWR
  C:0596H         PUBLIC        ?C?FTNPWR
  -------         ENDMOD        ?C?FTNPWR

  -------         MODULE        ?C?COPY
  C:06A6H         PUBLIC        ?C?COPY
  -------         ENDMOD        ?C?COPY

  -------         MODULE        ?C?CLDPTR
  C:06CCH         PUBLIC        ?C?CLDPTR
  -------         ENDMOD        ?C?CLDPTR

  -------         MODULE        ?C?CLDOPTR
  C:06E5H         PUBLIC        ?C?CLDOPTR
  -------         ENDMOD        ?C?CLDOPTR

  -------         MODULE        ?C?CSTPTR
  C:0712H         PUBLIC        ?C?CSTPTR
BL51 BANKED LINKER/LOCATER V6.22                                                      07/26/2018  09:52:52  PAGE 52


  -------         ENDMOD        ?C?CSTPTR

  -------         MODULE        ?C?CSTOPTR
  C:0724H         PUBLIC        ?C?CSTOPTR
  -------         ENDMOD        ?C?CSTOPTR

  -------         MODULE        ?C?IMUL
  C:0746H         PUBLIC        ?C?IMUL
  -------         ENDMOD        ?C?IMUL

  -------         MODULE        ?C?UIDIV
  C:0758H         PUBLIC        ?C?UIDIV
  -------         ENDMOD        ?C?UIDIV

  -------         MODULE        ?C?LNEG
  C:07ADH         PUBLIC        ?C?LNEG
  -------         ENDMOD        ?C?LNEG

  -------         MODULE        ?C?ULCMP
  C:07BBH         PUBLIC        ?C?ULCMP
  -------         ENDMOD        ?C?ULCMP

  -------         MODULE        ?C?ULSHR
  C:07CCH         PUBLIC        ?C?ULSHR
  -------         ENDMOD        ?C?ULSHR

  -------         MODULE        ?C?LLDIDATA
  C:07DFH         PUBLIC        ?C?LLDIDATA
  -------         ENDMOD        ?C?LLDIDATA

  -------         MODULE        ?C?LLDIDATA0
  C:07EBH         PUBLIC        ?C?LLDIDATA0
  -------         ENDMOD        ?C?LLDIDATA0

  -------         MODULE        ?C?LSTIDATA
  C:07F8H         PUBLIC        ?C?LSTIDATA
  -------         ENDMOD        ?C?LSTIDATA

  -------         MODULE        ?C?LSTXDATA
  C:0804H         PUBLIC        ?C?LSTXDATA
  -------         ENDMOD        ?C?LSTXDATA

  -------         MODULE        ?C?LSTKIDATA
  C:0810H         PUBLIC        ?C?LSTKIDATA
  -------         ENDMOD        ?C?LSTKIDATA

  -------         MODULE        ?C?LSTKXDATA
  C:0829H         PUBLIC        ?C?LSTKXDATA
  -------         ENDMOD        ?C?LSTKXDATA

  -------         MODULE        ?C?PLDIIDATA
  C:085AH         PUBLIC        ?C?PLDIIDATA
  -------         ENDMOD        ?C?PLDIIDATA

  -------         MODULE        ?C?PLDOPTR
  C:086AH         PUBLIC        ?C?PLDOPTR
  -------         ENDMOD        ?C?PLDOPTR
BL51 BANKED LINKER/LOCATER V6.22                                                      07/26/2018  09:52:52  PAGE 53



  -------         MODULE        ?C?CCASE
  C:089AH         PUBLIC        ?C?CCASE
  -------         ENDMOD        ?C?CCASE

  -------         MODULE        ?C?ICALL
  C:08C0H         PUBLIC        ?C?ICALL
  C:08C4H         PUBLIC        ?C?ICALL2
  -------         ENDMOD        ?C?ICALL

  -------         MODULE        PUTCHAR
  C:3942H         PUBLIC        _PUTCHAR
  -------         ENDMOD        PUTCHAR

  -------         MODULE        STRLEN
  C:3B0EH         PUBLIC        _STRLEN
  -------         ENDMOD        STRLEN

  -------         MODULE        ?C?MEMCMP
  C:0A4CH         PUBLIC        ?C?MEMCMP
  -------         ENDMOD        ?C?MEMCMP

  -------         MODULE        ?C?MEMSET
  C:0A70H         PUBLIC        ?C?MEMSET
  -------         ENDMOD        ?C?MEMSET

  -------         MODULE        ?C?PLDIDATA
  C:0A9CH         PUBLIC        ?C?PLDIDATA
  -------         ENDMOD        ?C?PLDIDATA

  -------         MODULE        ?C?PLDXDATA
  C:0AA5H         PUBLIC        ?C?PLDXDATA
  -------         ENDMOD        ?C?PLDXDATA

  -------         MODULE        ?C?PLDPDATA
  C:0AAEH         PUBLIC        ?C?PLDPDATA
  -------         ENDMOD        ?C?PLDPDATA

  -------         MODULE        ?C?PLDCODE
  C:0AB7H         PUBLIC        ?C?PLDCODE
  -------         ENDMOD        ?C?PLDCODE

*** WARNING L16: UNCALLED SEGMENT, IGNORED FOR OVERLAY PROCESS
    SEGMENT: ?PR?USR_TEST?USR_MAIN

*** WARNING L16: UNCALLED SEGMENT, IGNORED FOR OVERLAY PROCESS
    SEGMENT: ?PR?SOFTWARE_RESET?DATAMANAGE

*** WARNING L16: UNCALLED SEGMENT, IGNORED FOR OVERLAY PROCESS
    SEGMENT: ?PR?FACTORY_RECOVER?DATAMANAGE

*** WARNING L16: UNCALLED SEGMENT, IGNORED FOR OVERLAY PROCESS
    SEGMENT: ?PR?_DTASTX_LOADBASIC_CUST?DATATRANS

*** WARNING L16: UNCALLED SEGMENT, IGNORED FOR OVERLAY PROCESS
    SEGMENT: ?PR?THREAD_DATATRANS?DATATRANS

BL51 BANKED LINKER/LOCATER V6.22                                                      07/26/2018  09:52:52  PAGE 54


*** WARNING L16: UNCALLED SEGMENT, IGNORED FOR OVERLAY PROCESS
    SEGMENT: ?PR?HYM8564_TEST?HYM8564

*** ERROR L107: ADDRESS SPACE OVERFLOW
    SPACE:   DATA    
    SEGMENT: ?DT?_MEMLOC?PARS_METHOD
    LENGTH:  000EH

*** ERROR L107: ADDRESS SPACE OVERFLOW
    SPACE:   DATA    
    SEGMENT: ?DT?TIMERACT
    LENGTH:  0009H

*** ERROR L107: ADDRESS SPACE OVERFLOW
    SPACE:   DATA    
    SEGMENT: ?DT?APPTIMER
    LENGTH:  0007H

*** ERROR L107: ADDRESS SPACE OVERFLOW
    SPACE:   DATA    
    SEGMENT: ?DT?TIMESET?HYM8564
    LENGTH:  0007H

*** ERROR L107: ADDRESS SPACE OVERFLOW
    SPACE:   DATA    
    SEGMENT: ?DT?TIME_LOGOUT?HYM8564
    LENGTH:  0007H

*** ERROR L107: ADDRESS SPACE OVERFLOW
    SPACE:   DATA    
    SEGMENT: ?DT?USART
    LENGTH:  0007H

*** ERROR L107: ADDRESS SPACE OVERFLOW
    SPACE:   DATA    
    SEGMENT: ?DT?_DTASTX_LOADBASIC_CUST?DATATRANS
    LENGTH:  0006H

*** ERROR L107: ADDRESS SPACE OVERFLOW
    SPACE:   DATA    
    SEGMENT: ?DT?_DTASTX_LOADBASIC_AUTO?DATATRANS
    LENGTH:  0005H

*** ERROR L107: ADDRESS SPACE OVERFLOW
    SPACE:   DATA    
    SEGMENT: ?DT?_WIFI_SERVERUDP_CHG?WIFI_LPT220
    LENGTH:  0003H

*** ERROR L107: ADDRESS SPACE OVERFLOW
    SPACE:   DATA    
    SEGMENT: ?DT?RELAY
    LENGTH:  0001H

*** ERROR L107: ADDRESS SPACE OVERFLOW
    SPACE:   DATA    
    SEGMENT: ?DT?_WRITE_HYM8564_BYTE?HYM8564
    LENGTH:  0001H
BL51 BANKED LINKER/LOCATER V6.22                                                      07/26/2018  09:52:52  PAGE 55



*** ERROR L107: ADDRESS SPACE OVERFLOW
    SPACE:   DATA    
    SEGMENT: ?DT?HYM8564
    LENGTH:  0001H

*** ERROR L105: PUBLIC REFERS TO IGNORED SEGMENT
    SYMBOL:  DELAYPERIOD_ONOFF
    SEGMENT: ?DT?TIMERACT

*** ERROR L105: PUBLIC REFERS TO IGNORED SEGMENT
    SYMBOL:  IFDELAY_SW_RUNNING_FLAG
    SEGMENT: ?DT?TIMERACT

*** ERROR L105: PUBLIC REFERS TO IGNORED SEGMENT
    SYMBOL:  SWTIM_ONSHOOT_FLAG
    SEGMENT: ?DT?TIMERACT

*** ERROR L105: PUBLIC REFERS TO IGNORED SEGMENT
    SYMBOL:  DELAYCNT_CLOSELOOP
    SEGMENT: ?DT?TIMERACT

*** ERROR L105: PUBLIC REFERS TO IGNORED SEGMENT
    SYMBOL:  SWSTATUS_FROMTIM
    SEGMENT: ?DT?TIMERACT

*** ERROR L105: PUBLIC REFERS TO IGNORED SEGMENT
    SYMBOL:  DELAYCNT_ONOFF
    SEGMENT: ?DT?TIMERACT

*** ERROR L105: PUBLIC REFERS TO IGNORED SEGMENT
    SYMBOL:  DELAYPERIOD_CLOSELOOP
    SEGMENT: ?DT?TIMERACT

*** ERROR L118: REFERENCE MADE TO ERRONEOUS EXTERNAL
    SYMBOL:  IFDELAY_SW_RUNNING_FLAG
    MODULE:  .\Output\appTimer.obj (APPTIMER)
    ADDRESS: 1863H

*** ERROR L118: REFERENCE MADE TO ERRONEOUS EXTERNAL
    SYMBOL:  DELAYPERIOD_ONOFF
    MODULE:  .\Output\appTimer.obj (APPTIMER)
    ADDRESS: 1868H

*** ERROR L118: REFERENCE MADE TO ERRONEOUS EXTERNAL
    SYMBOL:  DELAYCNT_ONOFF
    MODULE:  .\Output\appTimer.obj (APPTIMER)
    ADDRESS: 1874H

*** ERROR L118: REFERENCE MADE TO ERRONEOUS EXTERNAL
    SYMBOL:  DELAYCNT_ONOFF
    MODULE:  .\Output\appTimer.obj (APPTIMER)
    ADDRESS: 1877H

*** ERROR L118: REFERENCE MADE TO ERRONEOUS EXTERNAL
    SYMBOL:  DELAYCNT_ONOFF
    MODULE:  .\Output\appTimer.obj (APPTIMER)
BL51 BANKED LINKER/LOCATER V6.22                                                      07/26/2018  09:52:52  PAGE 56


    ADDRESS: 187CH

*** ERROR L118: REFERENCE MADE TO ERRONEOUS EXTERNAL
    SYMBOL:  DELAYCNT_ONOFF
    MODULE:  .\Output\appTimer.obj (APPTIMER)
    ADDRESS: 187EH

*** ERROR L118: REFERENCE MADE TO ERRONEOUS EXTERNAL
    SYMBOL:  DELAYCNT_ONOFF
    MODULE:  .\Output\appTimer.obj (APPTIMER)
    ADDRESS: 1882H

*** ERROR L118: REFERENCE MADE TO ERRONEOUS EXTERNAL
    SYMBOL:  DELAYCNT_ONOFF
    MODULE:  .\Output\appTimer.obj (APPTIMER)
    ADDRESS: 1886H

*** ERROR L118: REFERENCE MADE TO ERRONEOUS EXTERNAL
    SYMBOL:  DELAYCNT_ONOFF
    MODULE:  .\Output\appTimer.obj (APPTIMER)
    ADDRESS: 1889H

*** ERROR L118: REFERENCE MADE TO ERRONEOUS EXTERNAL
    SYMBOL:  IFDELAY_SW_RUNNING_FLAG
    MODULE:  .\Output\appTimer.obj (APPTIMER)
    ADDRESS: 188CH

*** ERROR L118: REFERENCE MADE TO ERRONEOUS EXTERNAL
    SYMBOL:  SWSTATUS_FROMTIM
    MODULE:  .\Output\appTimer.obj (APPTIMER)
    ADDRESS: 1892H

*** ERROR L118: REFERENCE MADE TO ERRONEOUS EXTERNAL
    SYMBOL:  SWSTATUS_FROMTIM
    MODULE:  .\Output\appTimer.obj (APPTIMER)
    ADDRESS: 1897H

*** ERROR L118: REFERENCE MADE TO ERRONEOUS EXTERNAL
    SYMBOL:  IFDELAY_SW_RUNNING_FLAG
    MODULE:  .\Output\appTimer.obj (APPTIMER)
    ADDRESS: 189AH

*** ERROR L118: REFERENCE MADE TO ERRONEOUS EXTERNAL
    SYMBOL:  DELAYPERIOD_CLOSELOOP
    MODULE:  .\Output\appTimer.obj (APPTIMER)
    ADDRESS: 18A2H

*** ERROR L118: REFERENCE MADE TO ERRONEOUS EXTERNAL
    SYMBOL:  DELAYCNT_CLOSELOOP
    MODULE:  .\Output\appTimer.obj (APPTIMER)
    ADDRESS: 18AEH

*** ERROR L118: REFERENCE MADE TO ERRONEOUS EXTERNAL
    SYMBOL:  DELAYCNT_CLOSELOOP
    MODULE:  .\Output\appTimer.obj (APPTIMER)
    ADDRESS: 18B1H

BL51 BANKED LINKER/LOCATER V6.22                                                      07/26/2018  09:52:52  PAGE 57


*** ERROR L118: REFERENCE MADE TO ERRONEOUS EXTERNAL
    SYMBOL:  DELAYCNT_CLOSELOOP
    MODULE:  .\Output\appTimer.obj (APPTIMER)
    ADDRESS: 18B6H

*** ERROR L118: REFERENCE MADE TO ERRONEOUS EXTERNAL
    SYMBOL:  DELAYCNT_CLOSELOOP
    MODULE:  .\Output\appTimer.obj (APPTIMER)
    ADDRESS: 18B8H

*** ERROR L118: REFERENCE MADE TO ERRONEOUS EXTERNAL
    SYMBOL:  DELAYCNT_CLOSELOOP
    MODULE:  .\Output\appTimer.obj (APPTIMER)
    ADDRESS: 18BCH

*** ERROR L118: REFERENCE MADE TO ERRONEOUS EXTERNAL
    SYMBOL:  DELAYCNT_CLOSELOOP
    MODULE:  .\Output\appTimer.obj (APPTIMER)
    ADDRESS: 18C0H

*** ERROR L118: REFERENCE MADE TO ERRONEOUS EXTERNAL
    SYMBOL:  DELAYCNT_CLOSELOOP
    MODULE:  .\Output\appTimer.obj (APPTIMER)
    ADDRESS: 18C3H

*** ERROR L118: REFERENCE MADE TO ERRONEOUS EXTERNAL
    SYMBOL:  SWSTATUS_FROMTIM
    MODULE:  .\Output\appTimer.obj (APPTIMER)
    ADDRESS: 18C6H

*** ERROR L105: PUBLIC REFERS TO IGNORED SEGMENT
    SYMBOL:  ?_DTASTX_LOADBASIC_CUST?BYTE
    SEGMENT: ?DT?_DTASTX_LOADBASIC_CUST?DATATRANS

*** ERROR L105: PUBLIC REFERS TO IGNORED SEGMENT
    SYMBOL:  ?_DTASTX_LOADBASIC_AUTO?BYTE
    SEGMENT: ?DT?_DTASTX_LOADBASIC_AUTO?DATATRANS

*** ERROR L118: REFERENCE MADE TO ERRONEOUS EXTERNAL
    SYMBOL:  COM1
    MODULE:  .\Output\dataTrans.obj (DATATRANS)
    ADDRESS: 3B47H

*** ERROR L118: REFERENCE MADE TO ERRONEOUS EXTERNAL
    SYMBOL:  COM1
    MODULE:  .\Output\dataTrans.obj (DATATRANS)
    ADDRESS: 3352H

*** ERROR L118: REFERENCE MADE TO ERRONEOUS EXTERNAL
    SYMBOL:  COM1
    MODULE:  .\Output\dataTrans.obj (DATATRANS)
    ADDRESS: 3356H

*** ERROR L118: REFERENCE MADE TO ERRONEOUS EXTERNAL
    SYMBOL:  COM1
    MODULE:  .\Output\dataTrans.obj (DATATRANS)
    ADDRESS: 335DH
BL51 BANKED LINKER/LOCATER V6.22                                                      07/26/2018  09:52:52  PAGE 58



*** ERROR L118: REFERENCE MADE TO ERRONEOUS EXTERNAL
    SYMBOL:  COM1
    MODULE:  .\Output\dataTrans.obj (DATATRANS)
    ADDRESS: 3360H

*** ERROR L118: REFERENCE MADE TO ERRONEOUS EXTERNAL
    SYMBOL:  COM1
    MODULE:  .\Output\dataTrans.obj (DATATRANS)
    ADDRESS: 3362H

*** ERROR L118: REFERENCE MADE TO ERRONEOUS EXTERNAL
    SYMBOL:  COM1
    MODULE:  .\Output\dataTrans.obj (DATATRANS)
    ADDRESS: 3371H

*** ERROR L118: REFERENCE MADE TO ERRONEOUS EXTERNAL
    SYMBOL:  COM1
    MODULE:  .\Output\dataTrans.obj (DATATRANS)
    ADDRESS: 3379H

*** ERROR L118: REFERENCE MADE TO ERRONEOUS EXTERNAL
    SYMBOL:  COM1
    MODULE:  .\Output\dataTrans.obj (DATATRANS)
    ADDRESS: 337BH

*** ERROR L118: REFERENCE MADE TO ERRONEOUS EXTERNAL
    SYMBOL:  COM1
    MODULE:  .\Output\dataTrans.obj (DATATRANS)
    ADDRESS: 3381H

*** ERROR L118: REFERENCE MADE TO ERRONEOUS EXTERNAL
    SYMBOL:  COM1
    MODULE:  .\Output\dataTrans.obj (DATATRANS)
    ADDRESS: 338DH

*** ERROR L118: REFERENCE MADE TO ERRONEOUS EXTERNAL
    SYMBOL:  COM1
    MODULE:  .\Output\dataTrans.obj (DATATRANS)
    ADDRESS: 338FH

*** ERROR L118: REFERENCE MADE TO ERRONEOUS EXTERNAL
    SYMBOL:  COM1
    MODULE:  .\Output\dataTrans.obj (DATATRANS)
    ADDRESS: 3396H

*** ERROR L118: REFERENCE MADE TO ERRONEOUS EXTERNAL
    SYMBOL:  COM1
    MODULE:  .\Output\dataTrans.obj (DATATRANS)
    ADDRESS: 339BH

*** ERROR L118: REFERENCE MADE TO ERRONEOUS EXTERNAL
    SYMBOL:  ?_MEMLOC?BYTE
    MODULE:  .\Output\dataTrans.obj (DATATRANS)
    ADDRESS: 110DH

*** ERROR L118: REFERENCE MADE TO ERRONEOUS EXTERNAL
BL51 BANKED LINKER/LOCATER V6.22                                                      07/26/2018  09:52:52  PAGE 59


    SYMBOL:  ?_MEMLOC?BYTE
    MODULE:  .\Output\dataTrans.obj (DATATRANS)
    ADDRESS: 1110H

*** ERROR L118: REFERENCE MADE TO ERRONEOUS EXTERNAL
    SYMBOL:  ?_MEMLOC?BYTE
    MODULE:  .\Output\dataTrans.obj (DATATRANS)
    ADDRESS: 1113H

*** ERROR L118: REFERENCE MADE TO ERRONEOUS EXTERNAL
    SYMBOL:  ?_MEMLOC?BYTE
    MODULE:  .\Output\dataTrans.obj (DATATRANS)
    ADDRESS: 1116H

*** ERROR L118: REFERENCE MADE TO ERRONEOUS EXTERNAL
    SYMBOL:  ?TIMESET?BYTE
    MODULE:  .\Output\dataTrans.obj (DATATRANS)
    ADDRESS: 1371H

*** ERROR L118: REFERENCE MADE TO ERRONEOUS EXTERNAL
    SYMBOL:  ?TIMESET?BYTE
    MODULE:  .\Output\dataTrans.obj (DATATRANS)
    ADDRESS: 1373H

*** ERROR L118: REFERENCE MADE TO ERRONEOUS EXTERNAL
    SYMBOL:  SWTIM_ONSHOOT_FLAG
    MODULE:  .\Output\dataTrans.obj (DATATRANS)
    ADDRESS: 13BDH

*** ERROR L118: REFERENCE MADE TO ERRONEOUS EXTERNAL
    SYMBOL:  IFDELAY_SW_RUNNING_FLAG
    MODULE:  .\Output\dataTrans.obj (DATATRANS)
    ADDRESS: 1408H

*** ERROR L118: REFERENCE MADE TO ERRONEOUS EXTERNAL
    SYMBOL:  DELAYPERIOD_ONOFF
    MODULE:  .\Output\dataTrans.obj (DATATRANS)
    ADDRESS: 140BH

*** ERROR L118: REFERENCE MADE TO ERRONEOUS EXTERNAL
    SYMBOL:  IFDELAY_SW_RUNNING_FLAG
    MODULE:  .\Output\dataTrans.obj (DATATRANS)
    ADDRESS: 1416H

*** ERROR L118: REFERENCE MADE TO ERRONEOUS EXTERNAL
    SYMBOL:  DELAYPERIOD_ONOFF
    MODULE:  .\Output\dataTrans.obj (DATATRANS)
    ADDRESS: 141AH

*** ERROR L118: REFERENCE MADE TO ERRONEOUS EXTERNAL
    SYMBOL:  DELAYCNT_ONOFF
    MODULE:  .\Output\dataTrans.obj (DATATRANS)
    ADDRESS: 141CH

*** ERROR L118: REFERENCE MADE TO ERRONEOUS EXTERNAL
    SYMBOL:  DELAYCNT_ONOFF
    MODULE:  .\Output\dataTrans.obj (DATATRANS)
BL51 BANKED LINKER/LOCATER V6.22                                                      07/26/2018  09:52:52  PAGE 60


    ADDRESS: 141EH

*** ERROR L118: REFERENCE MADE TO ERRONEOUS EXTERNAL
    SYMBOL:  IFDELAY_SW_RUNNING_FLAG
    MODULE:  .\Output\dataTrans.obj (DATATRANS)
    ADDRESS: 1428H

*** ERROR L118: REFERENCE MADE TO ERRONEOUS EXTERNAL
    SYMBOL:  DELAYPERIOD_CLOSELOOP
    MODULE:  .\Output\dataTrans.obj (DATATRANS)
    ADDRESS: 142BH

*** ERROR L118: REFERENCE MADE TO ERRONEOUS EXTERNAL
    SYMBOL:  IFDELAY_SW_RUNNING_FLAG
    MODULE:  .\Output\dataTrans.obj (DATATRANS)
    ADDRESS: 1430H

*** ERROR L118: REFERENCE MADE TO ERRONEOUS EXTERNAL
    SYMBOL:  DELAYPERIOD_CLOSELOOP
    MODULE:  .\Output\dataTrans.obj (DATATRANS)
    ADDRESS: 1434H

*** ERROR L118: REFERENCE MADE TO ERRONEOUS EXTERNAL
    SYMBOL:  DELAYCNT_CLOSELOOP
    MODULE:  .\Output\dataTrans.obj (DATATRANS)
    ADDRESS: 1436H

*** ERROR L118: REFERENCE MADE TO ERRONEOUS EXTERNAL
    SYMBOL:  DELAYCNT_CLOSELOOP
    MODULE:  .\Output\dataTrans.obj (DATATRANS)
    ADDRESS: 1438H

*** ERROR L118: REFERENCE MADE TO ERRONEOUS EXTERNAL
    SYMBOL:  IFDELAY_SW_RUNNING_FLAG
    MODULE:  .\Output\dataTrans.obj (DATATRANS)
    ADDRESS: 143CH

*** ERROR L118: REFERENCE MADE TO ERRONEOUS EXTERNAL
    SYMBOL:  IFDELAY_SW_RUNNING_FLAG
    MODULE:  .\Output\dataTrans.obj (DATATRANS)
    ADDRESS: 143EH

*** ERROR L118: REFERENCE MADE TO ERRONEOUS EXTERNAL
    SYMBOL:  DELAYPERIOD_CLOSELOOP
    MODULE:  .\Output\dataTrans.obj (DATATRANS)
    ADDRESS: 144FH

*** ERROR L118: REFERENCE MADE TO ERRONEOUS EXTERNAL
    SYMBOL:  DELAYPERIOD_CLOSELOOP
    MODULE:  .\Output\dataTrans.obj (DATATRANS)
    ADDRESS: 1451H

*** ERROR L118: REFERENCE MADE TO ERRONEOUS EXTERNAL
    SYMBOL:  SWTIM_ONSHOOT_FLAG
    MODULE:  .\Output\dataTrans.obj (DATATRANS)
    ADDRESS: 14E7H

BL51 BANKED LINKER/LOCATER V6.22                                                      07/26/2018  09:52:52  PAGE 61


*** ERROR L118: REFERENCE MADE TO ERRONEOUS EXTERNAL
    SYMBOL:  DELAYCNT_ONOFF
    MODULE:  .\Output\dataTrans.obj (DATATRANS)
    ADDRESS: 1509H

*** ERROR L118: REFERENCE MADE TO ERRONEOUS EXTERNAL
    SYMBOL:  DELAYCNT_ONOFF
    MODULE:  .\Output\dataTrans.obj (DATATRANS)
    ADDRESS: 150BH

*** ERROR L118: REFERENCE MADE TO ERRONEOUS EXTERNAL
    SYMBOL:  DELAYPERIOD_ONOFF
    MODULE:  .\Output\dataTrans.obj (DATATRANS)
    ADDRESS: 1515H

*** ERROR L118: REFERENCE MADE TO ERRONEOUS EXTERNAL
    SYMBOL:  DELAYPERIOD_CLOSELOOP
    MODULE:  .\Output\dataTrans.obj (DATATRANS)
    ADDRESS: 1527H

*** ERROR L118: REFERENCE MADE TO ERRONEOUS EXTERNAL
    SYMBOL:  ?TIMESET?BYTE
    MODULE:  .\Output\dataTrans.obj (DATATRANS)
    ADDRESS: 15E1H

*** ERROR L118: REFERENCE MADE TO ERRONEOUS EXTERNAL
    SYMBOL:  ?TIMESET?BYTE
    MODULE:  .\Output\dataTrans.obj (DATATRANS)
    ADDRESS: 15E3H

*** ERROR L105: PUBLIC REFERS TO IGNORED SEGMENT
    SYMBOL:  RELAYSTATUS_IFSAVE
    SEGMENT: ?DT?RELAY

*** ERROR L118: REFERENCE MADE TO ERRONEOUS EXTERNAL
    SYMBOL:  SWSTATUS_FROMTIM
    MODULE:  .\Output\Relay.obj (RELAY)
    ADDRESS: 38AEH

*** ERROR L118: REFERENCE MADE TO ERRONEOUS EXTERNAL
    SYMBOL:  SWSTATUS_FROMTIM
    MODULE:  .\Output\Relay.obj (RELAY)
    ADDRESS: 38B6H

*** ERROR L118: REFERENCE MADE TO ERRONEOUS EXTERNAL
    SYMBOL:  SWSTATUS_FROMTIM
    MODULE:  .\Output\Relay.obj (RELAY)
    ADDRESS: 38BDH

*** ERROR L105: PUBLIC REFERS TO IGNORED SEGMENT
    SYMBOL:  ?TIME_LOGOUT?BYTE
    SEGMENT: ?DT?TIME_LOGOUT?HYM8564

*** ERROR L105: PUBLIC REFERS TO IGNORED SEGMENT
    SYMBOL:  ?TIMESET?BYTE
    SEGMENT: ?DT?TIMESET?HYM8564

BL51 BANKED LINKER/LOCATER V6.22                                                      07/26/2018  09:52:52  PAGE 62


*** ERROR L105: PUBLIC REFERS TO IGNORED SEGMENT
    SYMBOL:  COM1
    SEGMENT: ?DT?USART

*** ERROR L105: PUBLIC REFERS TO IGNORED SEGMENT
    SYMBOL:  ?_MEMLOC?BYTE
    SEGMENT: ?DT?_MEMLOC?PARS_METHOD

Program Size: data=298.2 xdata=897 code=15372
LINK/LOCATE RUN COMPLETE.  6 WARNING(S),  95 ERROR(S)
