C51 COMPILER V9.54   USRKIN                                                                09/20/2018 11:05:43 PAGE 1   


C51 COMPILER V9.54, COMPILATION OF MODULE USRKIN
OBJECT MODULE PLACED IN .\Output\usrKin.obj
COMPILER INVOKED BY: C:\Keil_v5\C51\BIN\C51.EXE Usr\usrKin.c OMF2 ROM(COMPACT) OPTIMIZE(8,SPEED) BROWSE INCDIR(..\Proj_s
                    -w_ElecMeasure;.\Usr;.\Usr_lib;.\std_Lib;.\hwDriver;.\dataTrans) DEBUG PRINT(.\Listings\usrKin.lst) OBJECT(.\Output\usrKi
                    -n.obj)

line level    source

   1          #include "usrKin.h"
   2          #include "Tips.h"
   3          
   4          #include "wifi_LPT220.h"
   5          #include "relay.h"
   6          #include "dataTrans.h"
   7          
   8          #include "soft_uart.h"
   9          #include "delay.h"
  10          
  11          #include "stdio.h"
  12          #include "string.h"
  13          
  14          //*********************继电器驱动相关变量引用******************/
  15          extern status_ifSave    relayStatus_ifSave;
  16          extern bit                              status_Relay;
  17          
  18          /**********************本地文件变量定义区**********************/
  19          bit                     usrKeyCount_EN  = 0;
  20          u16     idata   usrKeyCount             = 0;
  21          
  22          void usrKin_pinInit(void){
  23   1              
  24   1              P2M1 &= ~(0x10);
  25   1              P2M0 &= ~(0x10);
  26   1      
  27   1      //      P2M1 |= 0x10;
  28   1      //      P2M0 &= ~(0x10);
  29   1              
  30   1      //      P2M1 |= 0x10;
  31   1      //      P2M0 |= 0x10;
  32   1      }
  33          
  34          bit UsrKEYScan_oneShoot(void){
  35   1      
  36   1              return Usr_key;
  37   1      }
  38          
  39          void UsrKEYScan(funKey_Callback funCB_Short, funKey_Callback funCB_LongA, funKey_Callback funCB_LongB){
  40   1              
  41   1              code    u16     keyCfrmLoop_Short       = 20,   //短按消抖时间
  42   1                                      keyCfrmLoop_LongA       = 8000, //长按A时间
  43   1                                      keyCfrmLoop_LongB       = 20000,//长按B时间
  44   1                                      keyCfrmLoop_MAX         = 60000;//计时封顶
  45   1              
  46   1              static  bit LongA_FLG = 0;
  47   1              static  bit LongB_FLG = 0;
  48   1              
  49   1              static  bit keyPress_FLG = 0;
  50   1      
  51   1              if(!UsrKEYScan_oneShoot()){     //选择提示
  52   2                      
  53   2                      keyPress_FLG = 1;
C51 COMPILER V9.54   USRKIN                                                                09/20/2018 11:05:43 PAGE 2   

  54   2              
  55   2                      if(!usrKeyCount_EN) usrKeyCount_EN= 1;  //计时
  56   2                      
  57   2                      if((usrKeyCount >= keyCfrmLoop_LongA) && (usrKeyCount <= keyCfrmLoop_LongB) && !LongA_FLG){
  58   3                              
  59   3                              funCB_LongA();
  60   3                              
  61   3                              LongA_FLG = 1;
  62   3                      }       
  63   2                      
  64   2                      if((usrKeyCount >= keyCfrmLoop_LongB) && (usrKeyCount <= keyCfrmLoop_MAX) && !LongB_FLG){
  65   3                              
  66   3                              funCB_LongB();
  67   3                              
  68   3                              LongB_FLG = 1;
  69   3                      }
  70   2                      
  71   2              }else{  //选择响应
  72   2                      
  73   2                      if(LongA_FLG || LongB_FLG)dev_ledTips = ledMode_relayOpenIF; //长按释放后led_tips恢复
  74   2                      
  75   2                      usrKeyCount_EN = 0;
  76   2                      
  77   2                      if(keyPress_FLG){
  78   3                      
  79   3                              keyPress_FLG = 0;
  80   3                              
  81   3                              if(usrKeyCount < keyCfrmLoop_LongA && usrKeyCount > keyCfrmLoop_Short)funCB_Short();
  82   3                              
  83   3                              usrKeyCount = 0;
  84   3                              LongA_FLG       = 0;
  85   3                              LongB_FLG       = 0;
  86   3                      }
  87   2              }
  88   1      }
  89          
  90          void fun_kLongA(void){
  91   1      
  92   1              dev_ledTips = ledMode_smartConfig;
  93   1              WIFI_hwSmartLink();
  94   1      }
  95          
  96          void fun_kLongB(void){
  97   1      
  98   1              dev_ledTips = ledMode_factory;
  99   1              WIFI_hwRestoreFactory();
 100   1      }
 101          
 102          void fun_kShort(void){
 103   1      
 104   1              relay_Act(relay_flip);
 105   1              swDataBroadcast_IF = 1;
 106   1      }
 107          
 108          


MODULE INFORMATION:   STATIC OVERLAYABLE
   CODE SIZE        =    205    ----
   CONSTANT SIZE    =      8    ----
   XDATA SIZE       =   ----    ----
   PDATA SIZE       =   ----    ----
C51 COMPILER V9.54   USRKIN                                                                09/20/2018 11:05:43 PAGE 3   

   DATA SIZE        =   ----       9
   IDATA SIZE       =      2    ----
   BIT SIZE         =      4    ----
   EDATA SIZE       =   ----    ----
   HDATA SIZE       =   ----    ----
   XDATA CONST SIZE =   ----    ----
   FAR CONST SIZE   =   ----    ----
END OF MODULE INFORMATION.


C51 COMPILATION COMPLETE.  0 WARNING(S),  0 ERROR(S)
